Component: ARM Compiler 5.06 update 6 (build 750) Tool: armlink [4d35ed]

==============================================================================

Section Cross References

    startup_stm32f411xe.o(RESET) refers to startup_stm32f411xe.o(STACK) for __initial_sp
    startup_stm32f411xe.o(RESET) refers to startup_stm32f411xe.o(.text) for Reset_Handler
    startup_stm32f411xe.o(RESET) refers to stm32f4xx_it.o(i.NMI_Handler) for NMI_Handler
    startup_stm32f411xe.o(RESET) refers to stm32f4xx_it.o(i.HardFault_Handler) for HardFault_Handler
    startup_stm32f411xe.o(RESET) refers to stm32f4xx_it.o(i.MemManage_Handler) for MemManage_Handler
    startup_stm32f411xe.o(RESET) refers to stm32f4xx_it.o(i.BusFault_Handler) for BusFault_Handler
    startup_stm32f411xe.o(RESET) refers to stm32f4xx_it.o(i.UsageFault_Handler) for UsageFault_Handler
    startup_stm32f411xe.o(RESET) refers to stm32f4xx_it.o(i.SVC_Handler) for SVC_Handler
    startup_stm32f411xe.o(RESET) refers to stm32f4xx_it.o(i.DebugMon_Handler) for DebugMon_Handler
    startup_stm32f411xe.o(RESET) refers to stm32f4xx_it.o(i.PendSV_Handler) for PendSV_Handler
    startup_stm32f411xe.o(RESET) refers to stm32f4xx_it.o(i.SysTick_Handler) for SysTick_Handler
    startup_stm32f411xe.o(RESET) refers to stm32f4xx_it.o(i.TIM3_IRQHandler) for TIM3_IRQHandler
    startup_stm32f411xe.o(RESET) refers to stm32f4xx_it.o(i.TIM4_IRQHandler) for TIM4_IRQHandler
    startup_stm32f411xe.o(RESET) refers to stm32f4xx_it.o(i.USART2_IRQHandler) for USART2_IRQHandler
    startup_stm32f411xe.o(.text) refers to system_stm32f4xx.o(i.SystemInit) for SystemInit
    startup_stm32f411xe.o(.text) refers to entry.o(.ARM.Collect$$$$00000000) for __main
    main.o(i.SystemClock_Config) refers to memseta.o(.text) for __aeabi_memclr4
    main.o(i.SystemClock_Config) refers to stm32f4xx_hal_rcc.o(i.HAL_RCC_OscConfig) for HAL_RCC_OscConfig
    main.o(i.SystemClock_Config) refers to stm32f4xx_hal_rcc.o(i.HAL_RCC_ClockConfig) for HAL_RCC_ClockConfig
    main.o(i.main) refers to stm32f4xx_hal.o(i.HAL_Init) for HAL_Init
    main.o(i.main) refers to main.o(i.SystemClock_Config) for SystemClock_Config
    main.o(i.main) refers to gpio.o(i.MX_GPIO_Init) for MX_GPIO_Init
    main.o(i.main) refers to adc.o(i.MX_ADC1_Init) for MX_ADC1_Init
    main.o(i.main) refers to i2c.o(i.MX_I2C1_Init) for MX_I2C1_Init
    main.o(i.main) refers to i2c.o(i.MX_I2C2_Init) for MX_I2C2_Init
    main.o(i.main) refers to tim.o(i.MX_TIM1_Init) for MX_TIM1_Init
    main.o(i.main) refers to tim.o(i.MX_TIM3_Init) for MX_TIM3_Init
    main.o(i.main) refers to tim.o(i.MX_TIM4_Init) for MX_TIM4_Init
    main.o(i.main) refers to usart.o(i.MX_USART2_UART_Init) for MX_USART2_UART_Init
    main.o(i.main) refers to usart.o(i.MX_USART6_UART_Init) for MX_USART6_UART_Init
    main.o(i.main) refers to stm32.o(i.All_Init) for All_Init
    main.o(i.main) refers to sht30.o(i.SHT30_ReadData) for SHT30_ReadData
    main.o(i.main) refers to stm32.o(i.ADC_Read) for ADC_Read
    main.o(i.main) refers to ds18b20.o(i.DS18B20_ReadTemperature) for DS18B20_ReadTemperature
    main.o(i.main) refers to stm32f4xx_hal_tim.o(i.HAL_TIM_Base_Start_IT) for HAL_TIM_Base_Start_IT
    main.o(i.main) refers to stm32.o(.data) for start
    main.o(i.main) refers to stm32.o(.data) for adcValue
    main.o(i.main) refers to tim.o(.bss) for htim4
    gpio.o(i.MX_GPIO_Init) refers to memseta.o(.text) for __aeabi_memclr4
    gpio.o(i.MX_GPIO_Init) refers to stm32f4xx_hal_gpio.o(i.HAL_GPIO_WritePin) for HAL_GPIO_WritePin
    gpio.o(i.MX_GPIO_Init) refers to stm32f4xx_hal_gpio.o(i.HAL_GPIO_Init) for HAL_GPIO_Init
    adc.o(i.HAL_ADC_MspDeInit) refers to stm32f4xx_hal_gpio.o(i.HAL_GPIO_DeInit) for HAL_GPIO_DeInit
    adc.o(i.HAL_ADC_MspInit) refers to memseta.o(.text) for __aeabi_memclr4
    adc.o(i.HAL_ADC_MspInit) refers to stm32f4xx_hal_gpio.o(i.HAL_GPIO_Init) for HAL_GPIO_Init
    adc.o(i.MX_ADC1_Init) refers to stm32f4xx_hal_adc.o(i.HAL_ADC_Init) for HAL_ADC_Init
    adc.o(i.MX_ADC1_Init) refers to main.o(i.Error_Handler) for Error_Handler
    adc.o(i.MX_ADC1_Init) refers to stm32f4xx_hal_adc.o(i.HAL_ADC_ConfigChannel) for HAL_ADC_ConfigChannel
    adc.o(i.MX_ADC1_Init) refers to adc.o(.bss) for .bss
    i2c.o(i.HAL_I2C_MspDeInit) refers to stm32f4xx_hal_gpio.o(i.HAL_GPIO_DeInit) for HAL_GPIO_DeInit
    i2c.o(i.HAL_I2C_MspInit) refers to memseta.o(.text) for __aeabi_memclr4
    i2c.o(i.HAL_I2C_MspInit) refers to stm32f4xx_hal_gpio.o(i.HAL_GPIO_Init) for HAL_GPIO_Init
    i2c.o(i.MX_I2C1_Init) refers to stm32f4xx_hal_i2c.o(i.HAL_I2C_Init) for HAL_I2C_Init
    i2c.o(i.MX_I2C1_Init) refers to main.o(i.Error_Handler) for Error_Handler
    i2c.o(i.MX_I2C1_Init) refers to i2c.o(.bss) for .bss
    i2c.o(i.MX_I2C2_Init) refers to stm32f4xx_hal_i2c.o(i.HAL_I2C_Init) for HAL_I2C_Init
    i2c.o(i.MX_I2C2_Init) refers to main.o(i.Error_Handler) for Error_Handler
    i2c.o(i.MX_I2C2_Init) refers to i2c.o(.bss) for .bss
[...]
    ../Drivers/STM32F4xx_HAL_Driver/Src/stm32f4xx_hal_adc.c 0x00000000   Number         0  stm32f4xx_hal_adc.o ABSOLUTE
    ../Drivers/STM32F4xx_HAL_Driver/Src/stm32f4xx_hal_adc_ex.c 0x00000000   Number         0  stm32f4xx_hal_adc_ex.o ABSOLUTE
    ../Drivers/STM32F4xx_HAL_Driver/Src/stm32f4xx_hal_cortex.c 0x00000000   Number         0  stm32f4xx_hal_cortex.o ABSOLUTE
    ../Drivers/STM32F4xx_HAL_Driver/Src/stm32f4xx_hal_dma.c 0x00000000   Number         0  stm32f4xx_hal_dma.o ABSOLUTE
    ../Drivers/STM32F4xx_HAL_Driver/Src/stm32f4xx_hal_dma_ex.c 0x00000000   Number         0  stm32f4xx_hal_dma_ex.o ABSOLUTE
    ../Drivers/STM32F4xx_HAL_Driver/Src/stm32f4xx_hal_exti.c 0x00000000   Number         0  stm32f4xx_hal_exti.o ABSOLUTE
    ../Drivers/STM32F4xx_HAL_Driver/Src/stm32f4xx_hal_flash.c 0x00000000   Number         0  stm32f4xx_hal_flash.o ABSOLUTE
    ../Drivers/STM32F4xx_HAL_Driver/Src/stm32f4xx_hal_flash_ex.c 0x00000000   Number         0  stm32f4xx_hal_flash_ex.o ABSOLUTE
    ../Drivers/STM32F4xx_HAL_Driver/Src/stm32f4xx_hal_flash_ramfunc.c 0x00000000   Number         0  stm32f4xx_hal_flash_ramfunc.o ABSOLUTE
    ../Drivers/STM32F4xx_HAL_Driver/Src/stm32f4xx_hal_gpio.c 0x00000000   Number         0  stm32f4xx_hal_gpio.o ABSOLUTE
    ../Drivers/STM32F4xx_HAL_Driver/Src/stm32f4xx_hal_i2c.c 0x00000000   Number         0  stm32f4xx_hal_i2c.o ABSOLUTE
    ../Drivers/STM32F4xx_HAL_Driver/Src/stm32f4xx_hal_i2c_ex.c 0x00000000   Number         0  stm32f4xx_hal_i2c_ex.o ABSOLUTE
    ../Drivers/STM32F4xx_HAL_Driver/Src/stm32f4xx_hal_pwr.c 0x00000000   Number         0  stm32f4xx_hal_pwr.o ABSOLUTE
    ../Drivers/STM32F4xx_HAL_Driver/Src/stm32f4xx_hal_pwr_ex.c 0x00000000   Number         0  stm32f4xx_hal_pwr_ex.o ABSOLUTE
    ../Drivers/STM32F4xx_HAL_Driver/Src/stm32f4xx_hal_rcc.c 0x00000000   Number         0  stm32f4xx_hal_rcc.o ABSOLUTE
    ../Drivers/STM32F4xx_HAL_Driver/Src/stm32f4xx_hal_rcc_ex.c 0x00000000   Number         0  stm32f4xx_hal_rcc_ex.o ABSOLUTE
    ../Drivers/STM32F4xx_HAL_Driver/Src/stm32f4xx_hal_tim.c 0x00000000   Number         0  stm32f4xx_hal_tim.o ABSOLUTE
    ../Drivers/STM32F4xx_HAL_Driver/Src/stm32f4xx_hal_tim_ex.c 0x00000000   Number         0  stm32f4xx_hal_tim_ex.o ABSOLUTE
    ../Drivers/STM32F4xx_HAL_Driver/Src/stm32f4xx_hal_uart.c 0x00000000   Number         0  stm32f4xx_hal_uart.o ABSOLUTE
    ../Drivers/STM32F4xx_HAL_Driver/Src/stm32f4xx_ll_adc.c 0x00000000   Number         0  stm32f4xx_ll_adc.o ABSOLUTE
    ../clib/microlib/division.c              0x00000000   Number         0  uidiv.o ABSOLUTE
    ../clib/microlib/division.c              0x00000000   Number         0  uldiv.o ABSOLUTE
    ../clib/microlib/init/entry.s            0x00000000   Number         0  entry7b.o ABSOLUTE
    ../clib/microlib/init/entry.s            0x00000000   Number         0  entry8b.o ABSOLUTE
    ../clib/microlib/init/entry.s            0x00000000   Number         0  entry.o ABSOLUTE
    ../clib/microlib/init/entry.s            0x00000000   Number         0  entry8a.o ABSOLUTE
    ../clib/microlib/init/entry.s            0x00000000   Number         0  entry7a.o ABSOLUTE
    ../clib/microlib/init/entry.s            0x00000000   Number         0  entry5.o ABSOLUTE
    ../clib/microlib/init/entry.s            0x00000000   Number         0  entry11b.o ABSOLUTE
    ../clib/microlib/init/entry.s            0x00000000   Number         0  entry11a.o ABSOLUTE
    ../clib/microlib/init/entry.s            0x00000000   Number         0  entry10b.o ABSOLUTE
    ../clib/microlib/init/entry.s            0x00000000   Number         0  entry10a.o ABSOLUTE
    ../clib/microlib/init/entry.s            0x00000000   Number         0  entry2.o ABSOLUTE
    ../clib/microlib/init/entry.s            0x00000000   Number         0  entry9b.o ABSOLUTE
    ../clib/microlib/init/entry.s            0x00000000   Number         0  entry9a.o ABSOLUTE
    ../clib/microlib/longlong.c              0x00000000   Number         0  llshl.o ABSOLUTE
    ../clib/microlib/longlong.c              0x00000000   Number         0  llsshr.o ABSOLUTE
    ../clib/microlib/longlong.c              0x00000000   Number         0  llushr.o ABSOLUTE
    ../clib/microlib/printf/printf.c         0x00000000   Number         0  printf2.o ABSOLUTE
    ../clib/microlib/printf/printf.c         0x00000000   Number         0  printf7.o ABSOLUTE
    ../clib/microlib/printf/printf.c         0x00000000   Number         0  printf6.o ABSOLUTE
    ../clib/microlib/printf/printf.c         0x00000000   Number         0  printf3.o ABSOLUTE
    ../clib/microlib/printf/printf.c         0x00000000   Number         0  printf5.o ABSOLUTE
    ../clib/microlib/printf/printf.c         0x00000000   Number         0  printfa.o ABSOLUTE
    ../clib/microlib/printf/printf.c         0x00000000   Number         0  printfb.o ABSOLUTE
    ../clib/microlib/printf/printf.c         0x00000000   Number         0  printf0.o ABSOLUTE
    ../clib/microlib/printf/printf.c         0x00000000   Number         0  printf8.o ABSOLUTE
    ../clib/microlib/printf/printf.c         0x00000000   Number         0  printf1.o ABSOLUTE
    ../clib/microlib/printf/printf.c         0x00000000   Number         0  printf4.o ABSOLUTE
    ../clib/microlib/printf/stubs.s          0x00000000   Number         0  stubs.o ABSOLUTE
    ../clib/microlib/stdio/streams.c         0x00000000   Number         0  stdout.o ABSOLUTE
    ../clib/microlib/string/memset.c         0x00000000   Number         0  memseta.o ABSOLUTE
    ../clib/microlib/string/strstr.c         0x00000000   Number         0  strstr.o ABSOLUTE
    ../clib/microlib/stubs.s                 0x00000000   Number         0  iusefp.o ABSOLUTE
    ../fplib/microlib/f2d.c                  0x00000000   Number         0  f2d.o ABSOLUTE
    ../fplib/microlib/fpadd.c                0x00000000   Number         0  dadd.o ABSOLUTE
    ../fplib/microlib/fpdiv.c                0x00000000   Number         0  ddiv.o ABSOLUTE
    ../fplib/microlib/fpepilogue.c           0x00000000   Number         0  depilogue.o ABSOLUTE
    ../fplib/microlib/fpfix.c                0x00000000   Number         0  dfixul.o ABSOLUTE
    ../fplib/microlib/fpmul.c                0x00000000   Number         0  dmul.o ABSOLUTE
    ..\BSP\bh1750.c                          0x00000000   Number         0  bh1750.o ABSOLUTE
    ..\BSP\ds18b20.c                         0x00000000   Number         0  ds18b20.o ABSOLUTE
    ..\BSP\sht30.c                           0x00000000   Number         0  sht30.o ABSOLUTE
    ..\BSP\stm32.c                           0x00000000   Number         0  stm32.o ABSOLUTE
    ..\Core\Src\adc.c                        0x00000000   Number         0  adc.o ABSOLUTE
    ..\Core\Src\gpio.c                       0x00000000   Number         0  gpio.o ABSOLUTE
    ..\Core\Src\i2c.c                        0x00000000   Number         0  i2c.o ABSOLUTE
    ..\Core\Src\main.c                       0x00000000   Number         0  main.o ABSOLUTE
    ..\Core\Src\stm32f4xx_hal_msp.c          0x00000000   Number         0  stm32f4xx_hal_msp.o ABSOLUTE
    ..\Core\Src\stm32f4xx_it.c               0x00000000   Number         0  stm32f4xx_it.o ABSOLUTE
    ..\Core\Src\system_stm32f4xx.c           0x00000000   Number         0  system_stm32f4xx.o ABSOLUTE
    ..\Core\Src\tim.c                        0x00000000   Number         0  tim.o ABSOLUTE
    ..\Core\Src\usart.c                      0x00000000   Number         0  usart.o ABSOLUTE
    ..\Drivers\STM32F4xx_HAL_Driver\Src\stm32f4xx_hal.c 0x00000000   Number         0  stm32f4xx_hal.o ABSOLUTE
    ..\Drivers\STM32F4xx_HAL_Driver\Src\stm32f4xx_hal_adc.c 0x00000000   Number         0  stm32f4xx_hal_adc.o ABSOLUTE
    ..\Drivers\STM32F4xx_HAL_Driver\Src\stm32f4xx_hal_adc_ex.c 0x00000000   Number         0  stm32f4xx_hal_adc_ex.o ABSOLUTE
    ..\Drivers\STM32F4xx_HAL_Driver\Src\stm32f4xx_hal_cortex.c 0x00000000   Number         0  stm32f4xx_hal_cortex.o ABSOLUTE
    ..\Drivers\STM32F4xx_HAL_Driver\Src\stm32f4xx_hal_dma.c 0x00000000   Number         0  stm32f4xx_hal_dma.o ABSOLUTE
    ..\Drivers\STM32F4xx_HAL_Driver\Src\stm32f4xx_hal_dma_ex.c 0x00000000   Number         0  stm32f4xx_hal_dma_ex.o ABSOLUTE
    ..\Drivers\STM32F4xx_HAL_Driver\Src\stm32f4xx_hal_exti.c 0x00000000   Number         0  stm32f4xx_hal_exti.o ABSOLUTE
    ..\Drivers\STM32F4xx_HAL_Driver\Src\stm32f4xx_hal_flash.c 0x00000000   Number         0  stm32f4xx_hal_flash.o ABSOLUTE
    ..\Drivers\STM32F4xx_HAL_Driver\Src\stm32f4xx_hal_flash_ex.c 0x00000000   Number         0  stm32f4xx_hal_flash_ex.o ABSOLUTE
    ..\Drivers\STM32F4xx_HAL_Driver\Src\stm32f4xx_hal_flash_ramfunc.c 0x00000000   Number         0  stm32f4xx_hal_flash_ramfunc.o ABSOLUTE
    ..\Drivers\STM32F4xx_HAL_Driver\Src\stm32f4xx_hal_gpio.c 0x00000000   Number         0  stm32f4xx_hal_gpio.o ABSOLUTE
    ..\Drivers\STM32F4xx_HAL_Driver\Src\stm32f4xx_hal_i2c.c 0x00000000   Number         0  stm32f4xx_hal_i2c.o ABSOLUTE
    ..\Drivers\STM32F4xx_HAL_Driver\Src\stm32f4xx_hal_i2c_ex.c 0x00000000   Number         0  stm32f4xx_hal_i2c_ex.o ABSOLUTE
    ..\Drivers\STM32F4xx_HAL_Driver\Src\stm32f4xx_hal_pwr.c 0x00000000   Number         0  stm32f4xx_hal_pwr.o ABSOLUTE
    ..\Drivers\STM32F4xx_HAL_Driver\Src\stm32f4xx_hal_pwr_ex.c 0x00000000   Number         0  stm32f4xx_hal_pwr_ex.o ABSOLUTE
    ..\Drivers\STM32F4xx_HAL_Driver\Src\stm32f4xx_hal_rcc.c 0x00000000   Number         0  stm32f4xx_hal_rcc.o ABSOLUTE
    ..\Drivers\STM32F4xx_HAL_Driver\Src\stm32f4xx_hal_rcc_ex.c 0x00000000   Number         0  stm32f4xx_hal_rcc_ex.o ABSOLUTE
    ..\Drivers\STM32F4xx_HAL_Driver\Src\stm32f4xx_hal_tim.c 0x00000000   Number         0  stm32f4xx_hal_tim.o ABSOLUTE
    ..\Drivers\STM32F4xx_HAL_Driver\Src\stm32f4xx_hal_tim_ex.c 0x00000000   Number         0  stm32f4xx_hal_tim_ex.o ABSOLUTE
    ..\Drivers\STM32F4xx_HAL_Driver\Src\stm32f4xx_hal_uart.c 0x00000000   Number         0  stm32f4xx_hal_uart.o ABSOLUTE
    ..\\BSP\\bh1750.c                        0x00000000   Number         0  bh1750.o ABSOLUTE
    ..\\BSP\\ds18b20.c                       0x00000000   Number         0  ds18b20.o ABSOLUTE
    ..\\BSP\\sht30.c                         0x00000000   Number         0  sht30.o ABSOLUTE
    ..\\BSP\\stm32.c                         0x00000000   Number         0  stm32.o ABSOLUTE
    cdrcmple.s                               0x00000000   Number         0  cdrcmple.o ABSOLUTE
    dc.s                                     0x00000000   Number         0  dc.o ABSOLUTE
    handlers.s                               0x00000000   Number         0  handlers.o ABSOLUTE
    init.s                                   0x00000000   Number         0  init.o ABSOLUTE
    startup_stm32f411xe.s                    0x00000000   Number         0  startup_stm32f411xe.o ABSOLUTE
    RESET                                    0x08000000   Section      408  startup_stm32f411xe.o(RESET)
    .ARM.Collect$$$$00000000                 0x08000198   Section        0  entry.o(.ARM.Collect$$$$00000000)
    .ARM.Collect$$$$00000001                 0x08000198   Section        4  entry2.o(.ARM.Collect$$$$00000001)
    .ARM.Collect$$$$00000004                 0x0800019c   Section        4  entry5.o(.ARM.Collect$$$$00000004)
    .ARM.Collect$$$$00000008                 0x080001a0   Section        0  entry7b.o(.ARM.Collect$$$$00000008)
    .ARM.Collect$$$$0000000A                 0x080001a0   Section        0  entry8b.o(.ARM.Collect$$$$0000000A)
    .ARM.Collect$$$$0000000B                 0x080001a0   Section        8  entry9a.o(.ARM.Collect$$$$0000000B)
    .ARM.Collect$$$$0000000D                 0x080001a8   Section        0  entry10a.o(.ARM.Collect$$$$0000000D)
    .ARM.Collect$$$$0000000F                 0x080001a8   Section        0  entry11a.o(.ARM.Collect$$$$0000000F)
    .ARM.Collect$$$$00002712                 0x080001a8   Section        4  entry2.o(.ARM.Collect$$$$00002712)
    __lit__00000000                          0x080001a8   Data           4  entry2.o(.ARM.Collect$$$$00002712)
    .text                                    0x080001ac   Section       36  startup_stm32f411xe.o(.text)
    $v0                                      0x080001ac   Number         0  startup_stm32f411xe.o(.text)
    .text                                    0x080001d0   Section        0  uldiv.o(.text)
    .text                                    0x08000232   Section        0  memseta.o(.text)
    .text                                    0x08000256   Section        0  strstr.o(.text)
    .text                                    0x0800027a   Section        0  f2d.o(.text)
    .text                                    0x080002a0   Section        0  uidiv.o(.text)
    .text                                    0x080002cc   Section        0  llshl.o(.text)
    .text                                    0x080002ea   Section        0  llushr.o(.text)
    .text                                    0x0800030a   Section        0  iusefp.o(.text)
    .text                                    0x0800030a   Section        0  dadd.o(.text)
    .text                                    0x08000458   Section        0  dmul.o(.text)
    .text                                    0x0800053c   Section        0  ddiv.o(.text)
    .text                                    0x0800061a   Section        0  dfixul.o(.text)
    .text                                    0x0800064c   Section       48  cdrcmple.o(.text)
    .text                                    0x0800067c   Section       36  init.o(.text)
    .text                                    0x080006a0   Section        0  llsshr.o(.text)
    .text                                    0x080006c4   Section        0  depilogue.o(.text)
    i.ADC_Init                               0x08000780   Section        0  stm32f4xx_hal_adc.o(i.ADC_Init)
    ADC_Init                                 0x08000781   Thumb Code   284  stm32f4xx_hal_adc.o(i.ADC_Init)
    i.ADC_Read                               0x080008a8   Section        0  stm32.o(i.ADC_Read)
    i.All_Init                               0x080008d4   Section        0  stm32.o(i.All_Init)
    i.BusFault_Handler                       0x08000928   Section        0  stm32f4xx_it.o(i.BusFault_Handler)
    i.DS18B20_Delay                          0x0800092a   Section        0  ds18b20.o(i.DS18B20_Delay)
    i.DS18B20_IO_Input                       0x08000948   Section        0  ds18b20.o(i.DS18B20_IO_Input)
    DS18B20_IO_Input                         0x08000949   Thumb Code    38  ds18b20.o(i.DS18B20_IO_Input)
    i.DS18B20_IO_Output                      0x08000974   Section        0  ds18b20.o(i.DS18B20_IO_Output)
    DS18B20_IO_Output                        0x08000975   Thumb Code    38  ds18b20.o(i.DS18B20_IO_Output)
    i.DS18B20_Init                           0x080009a0   Section        0  ds18b20.o(i.DS18B20_Init)
    i.DS18B20_ReadByte                       0x080009d4   Section        0  ds18b20.o(i.DS18B20_ReadByte)
    i.DS18B20_ReadTemperature                0x08000a24   Section        0  ds18b20.o(i.DS18B20_ReadTemperature)
    i.DS18B20_Reset                          0x08000a6c   Section        0  ds18b20.o(i.DS18B20_Reset)
    DS18B20_Reset                            0x08000a6d   Thumb Code    92  ds18b20.o(i.DS18B20_Reset)
    i.DS18B20_StartConversion                0x08000acc   Section        0  ds18b20.o(i.DS18B20_StartConversion)
    i.DS18B20_WriteByte                      0x08000ae4   Section        0  ds18b20.o(i.DS18B20_WriteByte)
    i.DebugMon_Handler                       0x08000b38   Section        0  stm32f4xx_it.o(i.DebugMon_Handler)
    i.Error_Handler                          0x08000b3a   Section        0  main.o(i.Error_Handler)
    i.GY30_Init                              0x08000b40   Section        0  bh1750.o(i.GY30_Init)
    i.HAL_ADC_ConfigChannel                  0x08000b80   Section        0  stm32f4xx_hal_adc.o(i.HAL_ADC_ConfigChannel)
    i.HAL_ADC_GetValue                       0x08000ce4   Section        0  stm32f4xx_hal_adc.o(i.HAL_ADC_GetValue)
    i.HAL_ADC_Init                           0x08000cea   Section        0  stm32f4xx_hal_adc.o(i.HAL_ADC_Init)
    i.HAL_ADC_MspInit                        0x08000d40   Section        0  adc.o(i.HAL_ADC_MspInit)
    i.HAL_ADC_PollForConversion              0x08000da0   Section        0  stm32f4xx_hal_adc.o(i.HAL_ADC_PollForConversion)
    i.HAL_ADC_Start                          0x08000e4c   Section        0  stm32f4xx_hal_adc.o(i.HAL_ADC_Start)
    i.HAL_ADC_Stop                           0x08000f18   Section        0  stm32f4xx_hal_adc.o(i.HAL_ADC_Stop)
    i.HAL_DMA_Abort                          0x08000f54   Section        0  stm32f4xx_hal_dma.o(i.HAL_DMA_Abort)
    i.HAL_DMA_Abort_IT                       0x08000fe6   Section        0  stm32f4xx_hal_dma.o(i.HAL_DMA_Abort_IT)
    i.HAL_Delay                              0x0800100c   Section        0  stm32f4xx_hal.o(i.HAL_Delay)
    i.HAL_GPIO_Init                          0x08001030   Section        0  stm32f4xx_hal_gpio.o(i.HAL_GPIO_Init)
    i.HAL_GPIO_ReadPin                       0x08001210   Section        0  stm32f4xx_hal_gpio.o(i.HAL_GPIO_ReadPin)
    i.HAL_GPIO_WritePin                      0x0800121a   Section        0  stm32f4xx_hal_gpio.o(i.HAL_GPIO_WritePin)
    i.HAL_GetTick                            0x08001224   Section        0  stm32f4xx_hal.o(i.HAL_GetTick)
    i.HAL_I2C_Init                           0x08001230   Section        0  stm32f4xx_hal_i2c.o(i.HAL_I2C_Init)
    i.HAL_I2C_Master_Receive                 0x080013b8   Section        0  stm32f4xx_hal_i2c.o(i.HAL_I2C_Master_Receive)
    i.HAL_I2C_Master_Transmit                0x080015a8   Section        0  stm32f4xx_hal_i2c.o(i.HAL_I2C_Master_Transmit)
    i.HAL_I2C_MspInit                        0x080016d4   Section        0  i2c.o(i.HAL_I2C_MspInit)
    i.HAL_IncTick                            0x08001794   Section        0  stm32f4xx_hal.o(i.HAL_IncTick)
    i.HAL_Init                               0x080017a4   Section        0  stm32f4xx_hal.o(i.HAL_Init)
    i.HAL_InitTick                           0x080017d8   Section        0  stm32f4xx_hal.o(i.HAL_InitTick)
    i.HAL_MspInit                            0x08001818   Section        0  stm32f4xx_hal_msp.o(i.HAL_MspInit)
    i.HAL_NVIC_EnableIRQ                     0x08001848   Section        0  stm32f4xx_hal_cortex.o(i.HAL_NVIC_EnableIRQ)
    i.HAL_NVIC_SetPriority                   0x08001864   Section        0  stm32f4xx_hal_cortex.o(i.HAL_NVIC_SetPriority)
    i.HAL_NVIC_SetPriorityGrouping           0x080018a4   Section        0  stm32f4xx_hal_cortex.o(i.HAL_NVIC_SetPriorityGrouping)
    i.HAL_RCC_ClockConfig                    0x080018c8   Section        0  stm32f4xx_hal_rcc.o(i.HAL_RCC_ClockConfig)
    i.HAL_RCC_GetPCLK1Freq                   0x080019fc   Section        0  stm32f4xx_hal_rcc.o(i.HAL_RCC_GetPCLK1Freq)
    i.HAL_RCC_GetPCLK2Freq                   0x08001a1c   Section        0  stm32f4xx_hal_rcc.o(i.HAL_RCC_GetPCLK2Freq)
    i.HAL_RCC_GetSysClockFreq                0x08001a3c   Section        0  stm32f4xx_hal_rcc.o(i.HAL_RCC_GetSysClockFreq)
    i.HAL_RCC_OscConfig                      0x08001a9c   Section        0  stm32f4xx_hal_rcc.o(i.HAL_RCC_OscConfig)
    i.HAL_SYSTICK_Config                     0x08001e08   Section        0  stm32f4xx_hal_cortex.o(i.HAL_SYSTICK_Config)
    i.HAL_TIMEx_BreakCallback                0x08001e30   Section        0  stm32f4xx_hal_tim_ex.o(i.HAL_TIMEx_BreakCallback)
    i.HAL_TIMEx_CommutCallback               0x08001e32   Section        0  stm32f4xx_hal_tim_ex.o(i.HAL_TIMEx_CommutCallback)
    i.HAL_TIMEx_ConfigBreakDeadTime          0x08001e34   Section        0  stm32f4xx_hal_tim_ex.o(i.HAL_TIMEx_ConfigBreakDeadTime)
    i.HAL_TIMEx_MasterConfigSynchronization  0x08001e88   Section        0  stm32f4xx_hal_tim_ex.o(i.HAL_TIMEx_MasterConfigSynchronization)
    i.HAL_TIM_Base_Init                      0x08001f04   Section        0  stm32f4xx_hal_tim.o(i.HAL_TIM_Base_Init)
    i.HAL_TIM_Base_MspInit                   0x08001f60   Section        0  tim.o(i.HAL_TIM_Base_MspInit)
    i.HAL_TIM_Base_Start_IT                  0x08001fe0   Section        0  stm32f4xx_hal_tim.o(i.HAL_TIM_Base_Start_IT)
    i.HAL_TIM_Base_Stop_IT                   0x0800204c   Section        0  stm32f4xx_hal_tim.o(i.HAL_TIM_Base_Stop_IT)
    i.HAL_TIM_ConfigClockSource              0x0800207c   Section        0  stm32f4xx_hal_tim.o(i.HAL_TIM_ConfigClockSource)
    i.HAL_TIM_IC_CaptureCallback             0x08002158   Section        0  stm32f4xx_hal_tim.o(i.HAL_TIM_IC_CaptureCallback)
    i.HAL_TIM_IRQHandler                     0x0800215a   Section        0  stm32f4xx_hal_tim.o(i.HAL_TIM_IRQHandler)
    i.HAL_TIM_MspPostInit                    0x0800228c   Section        0  tim.o(i.HAL_TIM_MspPostInit)
    i.HAL_TIM_OC_DelayElapsedCallback        0x080022e0   Section        0  stm32f4xx_hal_tim.o(i.HAL_TIM_OC_DelayElapsedCallback)
    i.HAL_TIM_PWM_ConfigChannel              0x080022e2   Section        0  stm32f4xx_hal_tim.o(i.HAL_TIM_PWM_ConfigChannel)
    i.HAL_TIM_PWM_Init                       0x080023ae   Section        0  stm32f4xx_hal_tim.o(i.HAL_TIM_PWM_Init)
    i.HAL_TIM_PWM_MspInit                    0x08002408   Section        0  stm32f4xx_hal_tim.o(i.HAL_TIM_PWM_MspInit)
    i.HAL_TIM_PWM_PulseFinishedCallback      0x0800240a   Section        0  stm32f4xx_hal_tim.o(i.HAL_TIM_PWM_PulseFinishedCallback)
    i.HAL_TIM_PeriodElapsedCallback          0x0800240c   Section        0  stm32.o(i.HAL_TIM_PeriodElapsedCallback)
    i.HAL_TIM_TriggerCallback                0x080025a0   Section        0  stm32f4xx_hal_tim.o(i.HAL_TIM_TriggerCallback)
    i.HAL_UARTEx_RxEventCallback             0x080025a2   Section        0  stm32f4xx_hal_uart.o(i.HAL_UARTEx_RxEventCallback)
    i.HAL_UART_AbortReceiveCpltCallback      0x080025a4   Section        0  stm32f4xx_hal_uart.o(i.HAL_UART_AbortReceiveCpltCallback)
    i.HAL_UART_AbortReceive_IT               0x080025a8   Section        0  stm32f4xx_hal_uart.o(i.HAL_UART_AbortReceive_IT)
    i.HAL_UART_ErrorCallback                 0x08002640   Section        0  stm32f4xx_hal_uart.o(i.HAL_UART_ErrorCallback)
    i.HAL_UART_IRQHandler                    0x08002644   Section        0  stm32f4xx_hal_uart.o(i.HAL_UART_IRQHandler)
    i.HAL_UART_Init                          0x080028b4   Section        0  stm32f4xx_hal_uart.o(i.HAL_UART_Init)
    i.HAL_UART_MspInit                       0x08002918   Section        0  usart.o(i.HAL_UART_MspInit)
    i.HAL_UART_Receive_IT                    0x080029dc   Section        0  stm32f4xx_hal_uart.o(i.HAL_UART_Receive_IT)
    i.HAL_UART_RxCpltCallback                0x080029f8   Section        0  stm32f4xx_hal_uart.o(i.HAL_UART_RxCpltCallback)
    i.HAL_UART_Transmit                      0x080029fa   Section        0  stm32f4xx_hal_uart.o(i.HAL_UART_Transmit)
    i.HAL_UART_TxCpltCallback                0x08002a9a   Section        0  stm32f4xx_hal_uart.o(i.HAL_UART_TxCpltCallback)
    i.HardFault_Handler                      0x08002a9c   Section        0  stm32f4xx_it.o(i.HardFault_Handler)
    i.I2C_IsAcknowledgeFailed                0x08002a9e   Section        0  stm32f4xx_hal_i2c.o(i.I2C_IsAcknowledgeFailed)
    I2C_IsAcknowledgeFailed                  0x08002a9f   Thumb Code    46  stm32f4xx_hal_i2c.o(i.I2C_IsAcknowledgeFailed)
    i.I2C_MasterRequestRead                  0x08002acc   Section        0  stm32f4xx_hal_i2c.o(i.I2C_MasterRequestRead)
    I2C_MasterRequestRead                    0x08002acd   Thumb Code   230  stm32f4xx_hal_i2c.o(i.I2C_MasterRequestRead)
    i.I2C_MasterRequestWrite                 0x08002bb8   Section        0  stm32f4xx_hal_i2c.o(i.I2C_MasterRequestWrite)
    I2C_MasterRequestWrite                   0x08002bb9   Thumb Code   150  stm32f4xx_hal_i2c.o(i.I2C_MasterRequestWrite)
    i.I2C_WaitOnBTFFlagUntilTimeout          0x08002c54   Section        0  stm32f4xx_hal_i2c.o(i.I2C_WaitOnBTFFlagUntilTimeout)
    I2C_WaitOnBTFFlagUntilTimeout            0x08002c55   Thumb Code    86  stm32f4xx_hal_i2c.o(i.I2C_WaitOnBTFFlagUntilTimeout)
    i.I2C_WaitOnFlagUntilTimeout             0x08002cac   Section        0  stm32f4xx_hal_i2c.o(i.I2C_WaitOnFlagUntilTimeout)
    I2C_WaitOnFlagUntilTimeout               0x08002cad   Thumb Code   144  stm32f4xx_hal_i2c.o(i.I2C_WaitOnFlagUntilTimeout)
    i.I2C_WaitOnMasterAddressFlagUntilTimeout 0x08002d3c   Section        0  stm32f4xx_hal_i2c.o(i.I2C_WaitOnMasterAddressFlagUntilTimeout)
    I2C_WaitOnMasterAddressFlagUntilTimeout  0x08002d3d   Thumb Code   188  stm32f4xx_hal_i2c.o(i.I2C_WaitOnMasterAddressFlagUntilTimeout)
    i.I2C_WaitOnRXNEFlagUntilTimeout         0x08002df8   Section        0  stm32f4xx_hal_i2c.o(i.I2C_WaitOnRXNEFlagUntilTimeout)
    I2C_WaitOnRXNEFlagUntilTimeout           0x08002df9   Thumb Code   112  stm32f4xx_hal_i2c.o(i.I2C_WaitOnRXNEFlagUntilTimeout)
    i.I2C_WaitOnTXEFlagUntilTimeout          0x08002e68   Section        0  stm32f4xx_hal_i2c.o(i.I2C_WaitOnTXEFlagUntilTimeout)
    I2C_WaitOnTXEFlagUntilTimeout            0x08002e69   Thumb Code    86  stm32f4xx_hal_i2c.o(i.I2C_WaitOnTXEFlagUntilTimeout)
    i.Init_SHT30                             0x08002ec0   Section        0  sht30.o(i.Init_SHT30)
    i.MX_ADC1_Init                           0x08002f18   Section        0  adc.o(i.MX_ADC1_Init)
    i.MX_GPIO_Init                           0x08002f7c   Section        0  gpio.o(i.MX_GPIO_Init)
    i.MX_I2C1_Init                           0x08003008   Section        0  i2c.o(i.MX_I2C1_Init)
    i.MX_I2C2_Init                           0x08003048   Section        0  i2c.o(i.MX_I2C2_Init)
    i.MX_TIM1_Init                           0x08003088   Section        0  tim.o(i.MX_TIM1_Init)
    i.MX_TIM3_Init                           0x08003160   Section        0  tim.o(i.MX_TIM3_Init)
    i.MX_TIM4_Init                           0x080031c8   Section        0  tim.o(i.MX_TIM4_Init)
    i.MX_USART2_UART_Init                    0x08003230   Section        0  usart.o(i.MX_USART2_UART_Init)
    i.MX_USART6_UART_Init                    0x08003268   Section        0  usart.o(i.MX_USART6_UART_Init)
    i.MemManage_Handler                      0x080032a0   Section        0  stm32f4xx_it.o(i.MemManage_Handler)
    i.Multiple_read_BH1750                   0x080032a4   Section        0  bh1750.o(i.Multiple_read_BH1750)
    i.NMI_Handler                            0x080032e0   Section        0  stm32f4xx_it.o(i.NMI_Handler)
    i.PendSV_Handler                         0x080032e2   Section        0  stm32f4xx_it.o(i.PendSV_Handler)
    i.SHT30_CalcRH                           0x080032e4   Section        0  sht30.o(i.SHT30_CalcRH)
    i.SHT30_CalcTemperatureC                 0x0800330c   Section        0  sht30.o(i.SHT30_CalcTemperatureC)
    i.SHT30_CheckCrc                         0x08003340   Section        0  sht30.o(i.SHT30_CheckCrc)
    i.SHT30_ReadData                         0x0800337c   Section        0  sht30.o(i.SHT30_ReadData)
    i.SHT30_reset                            0x08003490   Section        0  sht30.o(i.SHT30_reset)
    i.SVC_Handler                            0x080034bc   Section        0  stm32f4xx_it.o(i.SVC_Handler)
    i.Single_Write_BH1750                    0x080034c0   Section        0  bh1750.o(i.Single_Write_BH1750)
    i.SysTick_Handler                        0x080034dc   Section        0  stm32f4xx_it.o(i.SysTick_Handler)
    i.SystemClock_Config                     0x080034e0   Section        0  main.o(i.SystemClock_Config)
    i.SystemInit                             0x08003570   Section        0  system_stm32f4xx.o(i.SystemInit)
    i.TIM3_IRQHandler                        0x08003580   Section        0  stm32f4xx_it.o(i.TIM3_IRQHandler)
    i.TIM4_IRQHandler                        0x0800358c   Section        0  stm32f4xx_it.o(i.TIM4_IRQHandler)
    i.TIM_Base_SetConfig                     0x08003598   Section        0  stm32f4xx_hal_tim.o(i.TIM_Base_SetConfig)
    i.TIM_ETR_SetConfig                      0x0800363c   Section        0  stm32f4xx_hal_tim.o(i.TIM_ETR_SetConfig)
    i.TIM_ITRx_SetConfig                     0x08003650   Section        0  stm32f4xx_hal_tim.o(i.TIM_ITRx_SetConfig)
    TIM_ITRx_SetConfig                       0x08003651   Thumb Code    16  stm32f4xx_hal_tim.o(i.TIM_ITRx_SetConfig)
    i.TIM_OC1_SetConfig                      0x08003660   Section        0  stm32f4xx_hal_tim.o(i.TIM_OC1_SetConfig)
    TIM_OC1_SetConfig                        0x08003661   Thumb Code    74  stm32f4xx_hal_tim.o(i.TIM_OC1_SetConfig)
    i.TIM_OC2_SetConfig                      0x080036b0   Section        0  stm32f4xx_hal_tim.o(i.TIM_OC2_SetConfig)
    i.TIM_OC3_SetConfig                      0x08003708   Section        0  stm32f4xx_hal_tim.o(i.TIM_OC3_SetConfig)
    TIM_OC3_SetConfig                        0x08003709   Thumb Code    82  stm32f4xx_hal_tim.o(i.TIM_OC3_SetConfig)
    i.TIM_OC4_SetConfig                      0x08003760   Section        0  stm32f4xx_hal_tim.o(i.TIM_OC4_SetConfig)
    TIM_OC4_SetConfig                        0x08003761   Thumb Code    64  stm32f4xx_hal_tim.o(i.TIM_OC4_SetConfig)
    i.TIM_TI1_ConfigInputStage               0x080037a4   Section        0  stm32f4xx_hal_tim.o(i.TIM_TI1_ConfigInputStage)
    TIM_TI1_ConfigInputStage                 0x080037a5   Thumb Code    34  stm32f4xx_hal_tim.o(i.TIM_TI1_ConfigInputStage)
    i.TIM_TI2_ConfigInputStage               0x080037c6   Section        0  stm32f4xx_hal_tim.o(i.TIM_TI2_ConfigInputStage)
    TIM_TI2_ConfigInputStage                 0x080037c7   Thumb Code    36  stm32f4xx_hal_tim.o(i.TIM_TI2_ConfigInputStage)
    i.UART_DMAAbortOnError                   0x080037ea   Section        0  stm32f4xx_hal_uart.o(i.UART_DMAAbortOnError)
    UART_DMAAbortOnError                     0x080037eb   Thumb Code    16  stm32f4xx_hal_uart.o(i.UART_DMAAbortOnError)
    i.UART_DMARxOnlyAbortCallback            0x080037fa   Section        0  stm32f4xx_hal_uart.o(i.UART_DMARxOnlyAbortCallback)
    UART_DMARxOnlyAbortCallback              0x080037fb   Thumb Code    22  stm32f4xx_hal_uart.o(i.UART_DMARxOnlyAbortCallback)
    i.UART_EndRxTransfer                     0x08003810   Section        0  stm32f4xx_hal_uart.o(i.UART_EndRxTransfer)
    UART_EndRxTransfer                       0x08003811   Thumb Code    78  stm32f4xx_hal_uart.o(i.UART_EndRxTransfer)
    i.UART_Receive_IT                        0x0800385e   Section        0  stm32f4xx_hal_uart.o(i.UART_Receive_IT)
    UART_Receive_IT                          0x0800385f   Thumb Code   194  stm32f4xx_hal_uart.o(i.UART_Receive_IT)
    i.UART_SetConfig                         0x08003920   Section        0  stm32f4xx_hal_uart.o(i.UART_SetConfig)
    UART_SetConfig                           0x08003921   Thumb Code   258  stm32f4xx_hal_uart.o(i.UART_SetConfig)
    i.UART_Start_Receive_IT                  0x08003a2c   Section        0  stm32f4xx_hal_uart.o(i.UART_Start_Receive_IT)
    i.UART_WaitOnFlagUntilTimeout            0x08003a62   Section        0  stm32f4xx_hal_uart.o(i.UART_WaitOnFlagUntilTimeout)
    UART_WaitOnFlagUntilTimeout              0x08003a63   Thumb Code   114  stm32f4xx_hal_uart.o(i.UART_WaitOnFlagUntilTimeout)
    i.USART2_IRQHandler                      0x08003ad4   Section        0  stm32f4xx_it.o(i.USART2_IRQHandler)
    i.UsageFault_Handler                     0x08003b44   Section        0  stm32f4xx_it.o(i.UsageFault_Handler)
    i.__0printf                              0x08003b48   Section        0  printfa.o(i.__0printf)
    i.__0snprintf                            0x08003b68   Section        0  printfa.o(i.__0snprintf)
    i.__NVIC_SetPriority                     0x08003b98   Section        0  stm32f4xx_hal_cortex.o(i.__NVIC_SetPriority)
    __NVIC_SetPriority                       0x08003b99   Thumb Code    32  stm32f4xx_hal_cortex.o(i.__NVIC_SetPriority)
    i.__scatterload_copy                     0x08003bb8   Section       14  handlers.o(i.__scatterload_copy)
    i.__scatterload_null                     0x08003bc6   Section        2  handlers.o(i.__scatterload_null)
    i.__scatterload_zeroinit                 0x08003bc8   Section       14  handlers.o(i.__scatterload_zeroinit)
    i._fp_digits                             0x08003bd8   Section        0  printfa.o(i._fp_digits)
    _fp_digits                               0x08003bd9   Thumb Code   366  printfa.o(i._fp_digits)
    i._printf_core                           0x08003d5c   Section        0  printfa.o(i._printf_core)
    _printf_core                             0x08003d5d   Thumb Code  1744  printfa.o(i._printf_core)
    i._printf_post_padding                   0x08004438   Section        0  printfa.o(i._printf_post_padding)
    _printf_post_padding                     0x08004439   Thumb Code    36  printfa.o(i._printf_post_padding)
    i._printf_pre_padding                    0x0800445c   Section        0  printfa.o(i._printf_pre_padding)
    _printf_pre_padding                      0x0800445d   Thumb Code    46  printfa.o(i._printf_pre_padding)
    i._snputc                                0x0800448a   Section        0  printfa.o(i._snputc)
    _snputc                                  0x0800448b   Thumb Code    22  printfa.o(i._snputc)
    i.fputc                                  0x080044a0   Section        0  stm32.o(i.fputc)
    i.main                                   0x080044b8   Section        0  main.o(i.main)
    i.moveServo                              0x08004584   Section        0  stm32.o(i.moveServo)
    i.uartWriteBuf                           0x080045c4   Section        0  stm32.o(i.uartWriteBuf)
    .constdata                               0x080045d8   Section       16  system_stm32f4xx.o(.constdata)
    .constdata                               0x080045e8   Section        8  system_stm32f4xx.o(.constdata)
    .conststring                             0x080045f0   Section      151  stm32.o(.conststring)
    .data                                    0x20000000   Section       12  stm32f4xx_hal.o(.data)
    .data                                    0x2000000c   Section        4  system_stm32f4xx.o(.data)
    .data                                    0x20000010   Section       36  stm32.o(.data)
    .data                                    0x20000034   Section        4  stm32.o(.data)
    .data                                    0x20000038   Section        1  stm32.o(.data)
    .data                                    0x2000003c   Section        4  stdout.o(.data)
    .bss                                     0x20000040   Section       72  adc.o(.bss)
    .bss                                     0x20000088   Section      168  i2c.o(.bss)
    .bss                                     0x20000130   Section      216  tim.o(.bss)
    .bss                                     0x20000208   Section      144  usart.o(.bss)
    .bss                                     0x20000298   Section      460  stm32.o(.bss)
    STACK                                    0x20000468   Section     1024  startup_stm32f411xe.o(STACK)

    Global Symbols

    Symbol Name                              Value     Ov Type        Size  Object(Section)

    BuildAttributes$$THM_ISAv4$E$P$D$K$B$S$7EM$VFPi3$EXTD16$VFPS$VFMA$PE$A:L22UL41UL21$X:L11$S22US41US21$IEEE1$IW$USESV6$~STKCKD$USESV7$~SHL$OSPACE$ROPI$EBA8$MICROLIB$REQ8$PRES8$EABIv2 0x00000000   Number         0  anon$$obj.o ABSOLUTE
    __ARM_use_no_argv                        0x00000000   Number         0  main.o ABSOLUTE
    _printf_a                                0x00000000   Number         0  stubs.o ABSOLUTE
    _printf_c                                0x00000000   Number         0  stubs.o ABSOLUTE
    _printf_charcount                        0x00000000   Number         0  stubs.o ABSOLUTE
    _printf_d                                0x00000000   Number         0  stubs.o ABSOLUTE
    _printf_e                                0x00000000   Number         0  stubs.o ABSOLUTE
    _printf_f                                0x00000000   Number         0  stubs.o ABSOLUTE
    _printf_flags                            0x00000000   Number         0  stubs.o ABSOLUTE
    _printf_fp_dec                           0x00000000   Number         0  stubs.o ABSOLUTE
    _printf_fp_hex                           0x00000000   Number         0  stubs.o ABSOLUTE
    _printf_g                                0x00000000   Number         0  stubs.o ABSOLUTE
    _printf_i                                0x00000000   Number         0  stubs.o ABSOLUTE
    _printf_int_dec                          0x00000000   Number         0  stubs.o ABSOLUTE
    _printf_l                                0x00000000   Number         0  stubs.o ABSOLUTE
    _printf_lc                               0x00000000   Number         0  stubs.o ABSOLUTE
    _printf_ll                               0x00000000   Number         0  stubs.o ABSOLUTE
    _printf_lld                              0x00000000   Number         0  stubs.o ABSOLUTE
    _printf_lli                              0x00000000   Number         0  stubs.o ABSOLUTE
    _printf_llo                              0x00000000   Number         0  stubs.o ABSOLUTE
    _printf_llu                              0x00000000   Number         0  stubs.o ABSOLUTE
    _printf_llx                              0x00000000   Number         0  stubs.o ABSOLUTE
    _printf_longlong_dec                     0x00000000   Number         0  stubs.o ABSOLUTE
    _printf_longlong_hex                     0x00000000   Number         0  stubs.o ABSOLUTE
    _printf_longlong_oct                     0x00000000   Number         0  stubs.o ABSOLUTE
    _printf_ls                               0x00000000   Number         0  stubs.o ABSOLUTE
    _printf_mbtowc                           0x00000000   Number         0  stubs.o ABSOLUTE
    _printf_n                                0x00000000   Number         0  stubs.o ABSOLUTE
    _printf_o                                0x00000000   Number         0  stubs.o ABSOLUTE
    _printf_p                                0x00000000   Number         0  stubs.o ABSOLUTE
    _printf_percent                          0x00000000   Number         0  stubs.o ABSOLUTE
    _printf_pre_padding                      0x00000000   Number         0  stubs.o ABSOLUTE
    _printf_return_value                     0x00000000   Number         0  stubs.o ABSOLUTE
    _printf_s                                0x00000000   Number         0  stubs.o ABSOLUTE
    _printf_sizespec                         0x00000000   Number         0  stubs.o ABSOLUTE
    _printf_str                              0x00000000   Number         0  stubs.o ABSOLUTE
    _printf_truncate_signed                  0x00000000   Number         0  stubs.o ABSOLUTE
    _printf_truncate_unsigned                0x00000000   Number         0  stubs.o ABSOLUTE
    _printf_u                                0x00000000   Number         0  stubs.o ABSOLUTE
    _printf_wc                               0x00000000   Number         0  stubs.o ABSOLUTE
    _printf_wctomb                           0x00000000   Number         0  stubs.o ABSOLUTE
    _printf_widthprec                        0x00000000   Number         0  stubs.o ABSOLUTE
    _printf_x                                0x00000000   Number         0  stubs.o ABSOLUTE
    __cpp_initialize__aeabi_                  - Undefined Weak Reference
    __cxa_finalize                            - Undefined Weak Reference
    __decompress                              - Undefined Weak Reference
    _clock_init                               - Undefined Weak Reference
    _microlib_exit                            - Undefined Weak Reference
    __Vectors_Size                           0x00000198   Number         0  startup_stm32f411xe.o ABSOLUTE
    __Vectors                                0x08000000   Data           4  startup_stm32f411xe.o(RESET)
    __Vectors_End                            0x08000198   Data           0  startup_stm32f411xe.o(RESET)
    __main                                   0x08000199   Thumb Code     0  entry.o(.ARM.Collect$$$$00000000)
    _main_stk                                0x08000199   Thumb Code     0  entry2.o(.ARM.Collect$$$$00000001)
    _main_scatterload                        0x0800019d   Thumb Code     0  entry5.o(.ARM.Collect$$$$00000004)
    __main_after_scatterload                 0x080001a1   Thumb Code     0  entry5.o(.ARM.Collect$$$$00000004)
    _main_clock                              0x080001a1   Thumb Code     0  entry7b.o(.ARM.Collect$$$$00000008)
    _main_cpp_init                           0x080001a1   Thumb Code     0  entry8b.o(.ARM.Collect$$$$0000000A)
    _main_init                               0x080001a1   Thumb Code     0  entry9a.o(.ARM.Collect$$$$0000000B)
    __rt_final_cpp                           0x080001a9   Thumb Code     0  entry10a.o(.ARM.Collect$$$$0000000D)
    __rt_final_exit                          0x080001a9   Thumb Code     0  entry11a.o(.ARM.Collect$$$$0000000F)
    Reset_Handler                            0x080001ad   Thumb Code     8  startup_stm32f411xe.o(.text)
    ADC_IRQHandler                           0x080001c7   Thumb Code     0  startup_stm32f411xe.o(.text)
    DMA1_Stream0_IRQHandler                  0x080001c7   Thumb Code     0  startup_stm32f411xe.o(.text)
    DMA1_Stream1_IRQHandler                  0x080001c7   Thumb Code     0  startup_stm32f411xe.o(.text)
    DMA1_Stream2_IRQHandler                  0x080001c7   Thumb Code     0  startup_stm32f411xe.o(.text)
    DMA1_Stream3_IRQHandler                  0x080001c7   Thumb Code     0  startup_stm32f411xe.o(.text)
    DMA1_Stream4_IRQHandler                  0x080001c7   Thumb Code     0  startup_stm32f411xe.o(.text)
    DMA1_Stream5_IRQHandler                  0x080001c7   Thumb Code     0  startup_stm32f411xe.o(.text)
    DMA1_Stream6_IRQHandler                  0x080001c7   Thumb Code     0  startup_stm32f411xe.o(.text)
    DMA1_Stream7_IRQHandler                  0x080001c7   Thumb Code     0  startup_stm32f411xe.o(.text)
    DMA2_Stream0_IRQHandler                  0x080001c7   Thumb Code     0  startup_stm32f411xe.o(.text)
    DMA2_Stream1_IRQHandler                  0x080001c7   Thumb Code     0  startup_stm32f411xe.o(.text)
    DMA2_Stream2_IRQHandler                  0x080001c7   Thumb Code     0  startup_stm32f411xe.o(.text)
    DMA2_Stream3_IRQHandler                  0x080001c7   Thumb Code     0  startup_stm32f411xe.o(.text)
    DMA2_Stream4_IRQHandler                  0x080001c7   Thumb Code     0  startup_stm32f411xe.o(.text)
    DMA2_Stream5_IRQHandler                  0x080001c7   Thumb Code     0  startup_stm32f411xe.o(.text)
    DMA2_Stream6_IRQHandler                  0x080001c7   Thumb Code     0  startup_stm32f411xe.o(.text)
    DMA2_Stream7_IRQHandler                  0x080001c7   Thumb Code     0  startup_stm32f411xe.o(.text)
    EXTI0_IRQHandler                         0x080001c7   Thumb Code     0  startup_stm32f411xe.o(.text)
    EXTI15_10_IRQHandler                     0x080001c7   Thumb Code     0  startup_stm32f411xe.o(.text)
    EXTI1_IRQHandler                         0x080001c7   Thumb Code     0  startup_stm32f411xe.o(.text)
    EXTI2_IRQHandler                         0x080001c7   Thumb Code     0  startup_stm32f411xe.o(.text)
    EXTI3_IRQHandler                         0x080001c7   Thumb Code     0  startup_stm32f411xe.o(.text)
    EXTI4_IRQHandler                         0x080001c7   Thumb Code     0  startup_stm32f411xe.o(.text)
    EXTI9_5_IRQHandler                       0x080001c7   Thumb Code     0  startup_stm32f411xe.o(.text)
    FLASH_IRQHandler                         0x080001c7   Thumb Code     0  startup_stm32f411xe.o(.text)
    FPU_IRQHandler                           0x080001c7   Thumb Code     0  startup_stm32f411xe.o(.text)
    I2C1_ER_IRQHandler                       0x080001c7   Thumb Code     0  startup_stm32f411xe.o(.text)
    I2C1_EV_IRQHandler                       0x080001c7   Thumb Code     0  startup_stm32f411xe.o(.text)
    I2C2_ER_IRQHandler                       0x080001c7   Thumb Code     0  startup_stm32f411xe.o(.text)
    I2C2_EV_IRQHandler                       0x080001c7   Thumb Code     0  startup_stm32f411xe.o(.text)
    I2C3_ER_IRQHandler                       0x080001c7   Thumb Code     0  startup_stm32f411xe.o(.text)
    I2C3_EV_IRQHandler                       0x080001c7   Thumb Code     0  startup_stm32f411xe.o(.text)
    OTG_FS_IRQHandler                        0x080001c7   Thumb Code     0  startup_stm32f411xe.o(.text)
    OTG_FS_WKUP_IRQHandler                   0x080001c7   Thumb Code     0  startup_stm32f411xe.o(.text)
    PVD_IRQHandler                           0x080001c7   Thumb Code     0  startup_stm32f411xe.o(.text)
    RCC_IRQHandler                           0x080001c7   Thumb Code     0  startup_stm32f411xe.o(.text)
    RTC_Alarm_IRQHandler                     0x080001c7   Thumb Code     0  startup_stm32f411xe.o(.text)
    RTC_WKUP_IRQHandler                      0x080001c7   Thumb Code     0  startup_stm32f411xe.o(.text)
    SDIO_IRQHandler                          0x080001c7   Thumb Code     0  startup_stm32f411xe.o(.text)
    SPI1_IRQHandler                          0x080001c7   Thumb Code     0  startup_stm32f411xe.o(.text)
    SPI2_IRQHandler                          0x080001c7   Thumb Code     0  startup_stm32f411xe.o(.text)
    SPI3_IRQHandler                          0x080001c7   Thumb Code     0  startup_stm32f411xe.o(.text)
    SPI4_IRQHandler                          0x080001c7   Thumb Code     0  startup_stm32f411xe.o(.text)
    SPI5_IRQHandler                          0x080001c7   Thumb Code     0  startup_stm32f411xe.o(.text)
    TAMP_STAMP_IRQHandler                    0x080001c7   Thumb Code     0  startup_stm32f411xe.o(.text)
    TIM1_BRK_TIM9_IRQHandler                 0x080001c7   Thumb Code     0  startup_stm32f411xe.o(.text)
    TIM1_CC_IRQHandler                       0x080001c7   Thumb Code     0  startup_stm32f411xe.o(.text)
    TIM1_TRG_COM_TIM11_IRQHandler            0x080001c7   Thumb Code     0  startup_stm32f411xe.o(.text)
    TIM1_UP_TIM10_IRQHandler                 0x080001c7   Thumb Code     0  startup_stm32f411xe.o(.text)
    TIM2_IRQHandler                          0x080001c7   Thumb Code     0  startup_stm32f411xe.o(.text)
    TIM5_IRQHandler                          0x080001c7   Thumb Code     0  startup_stm32f411xe.o(.text)
    USART1_IRQHandler                        0x080001c7   Thumb Code     0  startup_stm32f411xe.o(.text)
    USART6_IRQHandler                        0x080001c7   Thumb Code     0  startup_stm32f411xe.o(.text)
    WWDG_IRQHandler                          0x080001c7   Thumb Code     0  startup_stm32f411xe.o(.text)
    __aeabi_uldivmod                         0x080001d1   Thumb Code    98  uldiv.o(.text)
    __aeabi_memset                           0x08000233   Thumb Code    14  memseta.o(.text)
    __aeabi_memset4                          0x08000233   Thumb Code     0  memseta.o(.text)
    __aeabi_memset8                          0x08000233   Thumb Code     0  memseta.o(.text)
    __aeabi_memclr                           0x08000241   Thumb Code     4  memseta.o(.text)
    __aeabi_memclr4                          0x08000241   Thumb Code     0  memseta.o(.text)
    __aeabi_memclr8                          0x08000241   Thumb Code     0  memseta.o(.text)
    _memset$wrapper                          0x08000245   Thumb Code    18  memseta.o(.text)
    strstr                                   0x08000257   Thumb Code    36  strstr.o(.text)
    __aeabi_f2d                              0x0800027b   Thumb Code    38  f2d.o(.text)
    __aeabi_uidiv                            0x080002a1   Thumb Code     0  uidiv.o(.text)
    __aeabi_uidivmod                         0x080002a1   Thumb Code    44  uidiv.o(.text)
    __aeabi_llsl                             0x080002cd   Thumb Code    30  llshl.o(.text)
    _ll_shift_l                              0x080002cd   Thumb Code     0  llshl.o(.text)
    __aeabi_llsr                             0x080002eb   Thumb Code    32  llushr.o(.text)
    _ll_ushift_r                             0x080002eb   Thumb Code     0  llushr.o(.text)
    __I$use$fp                               0x0800030b   Thumb Code     0  iusefp.o(.text)
    __aeabi_dadd                             0x0800030b   Thumb Code   322  dadd.o(.text)
    __aeabi_dsub                             0x0800044d   Thumb Code     6  dadd.o(.text)
    __aeabi_drsub                            0x08000453   Thumb Code     6  dadd.o(.text)
    __aeabi_dmul                             0x08000459   Thumb Code   228  dmul.o(.text)
    __aeabi_ddiv                             0x0800053d   Thumb Code   222  ddiv.o(.text)
    __aeabi_d2ulz                            0x0800061b   Thumb Code    48  dfixul.o(.text)
    __aeabi_cdrcmple                         0x0800064d   Thumb Code    48  cdrcmple.o(.text)
    __scatterload                            0x0800067d   Thumb Code    28  init.o(.text)
    __scatterload_rt2                        0x0800067d   Thumb Code     0  init.o(.text)
    __aeabi_lasr                             0x080006a1   Thumb Code    36  llsshr.o(.text)
    _ll_sshift_r                             0x080006a1   Thumb Code     0  llsshr.o(.text)
    _double_round                            0x080006c5   Thumb Code    30  depilogue.o(.text)
    _double_epilogue                         0x080006e3   Thumb Code   156  depilogue.o(.text)
    ADC_Read                                 0x080008a9   Thumb Code    38  stm32.o(i.ADC_Read)
    All_Init                                 0x080008d5   Thumb Code    70  stm32.o(i.All_Init)
    BusFault_Handler                         0x08000929   Thumb Code     2  stm32f4xx_it.o(i.BusFault_Handler)
    DS18B20_Delay                            0x0800092b   Thumb Code    28  ds18b20.o(i.DS18B20_Delay)
    DS18B20_Init                             0x080009a1   Thumb Code    42  ds18b20.o(i.DS18B20_Init)
    DS18B20_ReadByte                         0x080009d5   Thumb Code    74  ds18b20.o(i.DS18B20_ReadByte)
    DS18B20_ReadTemperature                  0x08000a25   Thumb Code    62  ds18b20.o(i.DS18B20_ReadTemperature)
    DS18B20_StartConversion                  0x08000acd   Thumb Code    22  ds18b20.o(i.DS18B20_StartConversion)
    DS18B20_WriteByte                        0x08000ae5   Thumb Code    80  ds18b20.o(i.DS18B20_WriteByte)
    DebugMon_Handler                         0x08000b39   Thumb Code     2  stm32f4xx_it.o(i.DebugMon_Handler)
    Error_Handler                            0x08000b3b   Thumb Code     4  main.o(i.Error_Handler)
    GY30_Init                                0x08000b41   Thumb Code    58  bh1750.o(i.GY30_Init)
    HAL_ADC_ConfigChannel                    0x08000b81   Thumb Code   334  stm32f4xx_hal_adc.o(i.HAL_ADC_ConfigChannel)
    HAL_ADC_GetValue                         0x08000ce5   Thumb Code     6  stm32f4xx_hal_adc.o(i.HAL_ADC_GetValue)
    HAL_ADC_Init                             0x08000ceb   Thumb Code    84  stm32f4xx_hal_adc.o(i.HAL_ADC_Init)
    HAL_ADC_MspInit                          0x08000d41   Thumb Code    84  adc.o(i.HAL_ADC_MspInit)
    HAL_ADC_PollForConversion                0x08000da1   Thumb Code   170  stm32f4xx_hal_adc.o(i.HAL_ADC_PollForConversion)
    HAL_ADC_Start                            0x08000e4d   Thumb Code   188  stm32f4xx_hal_adc.o(i.HAL_ADC_Start)
    HAL_ADC_Stop                             0x08000f19   Thumb Code    60  stm32f4xx_hal_adc.o(i.HAL_ADC_Stop)
    HAL_DMA_Abort                            0x08000f55   Thumb Code   146  stm32f4xx_hal_dma.o(i.HAL_DMA_Abort)
    HAL_DMA_Abort_IT                         0x08000fe7   Thumb Code    36  stm32f4xx_hal_dma.o(i.HAL_DMA_Abort_IT)
    HAL_Delay                                0x0800100d   Thumb Code    32  stm32f4xx_hal.o(i.HAL_Delay)
    HAL_GPIO_Init                            0x08001031   Thumb Code   446  stm32f4xx_hal_gpio.o(i.HAL_GPIO_Init)
    HAL_GPIO_ReadPin                         0x08001211   Thumb Code    10  stm32f4xx_hal_gpio.o(i.HAL_GPIO_ReadPin)
    HAL_GPIO_WritePin                        0x0800121b   Thumb Code    10  stm32f4xx_hal_gpio.o(i.HAL_GPIO_WritePin)
    HAL_GetTick                              0x08001225   Thumb Code     6  stm32f4xx_hal.o(i.HAL_GetTick)
    HAL_I2C_Init                             0x08001231   Thumb Code   376  stm32f4xx_hal_i2c.o(i.HAL_I2C_Init)
    HAL_I2C_Master_Receive                   0x080013b9   Thumb Code   482  stm32f4xx_hal_i2c.o(i.HAL_I2C_Master_Receive)
    HAL_I2C_Master_Transmit                  0x080015a9   Thumb Code   290  stm32f4xx_hal_i2c.o(i.HAL_I2C_Master_Transmit)
    HAL_I2C_MspInit                          0x080016d5   Thumb Code   176  i2c.o(i.HAL_I2C_MspInit)
    HAL_IncTick                              0x08001795   Thumb Code    12  stm32f4xx_hal.o(i.HAL_IncTick)
    HAL_Init                                 0x080017a5   Thumb Code    48  stm32f4xx_hal.o(i.HAL_Init)
    HAL_InitTick                             0x080017d9   Thumb Code    54  stm32f4xx_hal.o(i.HAL_InitTick)
    HAL_MspInit                              0x08001819   Thumb Code    42  stm32f4xx_hal_msp.o(i.HAL_MspInit)
    HAL_NVIC_EnableIRQ                       0x08001849   Thumb Code    26  stm32f4xx_hal_cortex.o(i.HAL_NVIC_EnableIRQ)
    HAL_NVIC_SetPriority                     0x08001865   Thumb Code    60  stm32f4xx_hal_cortex.o(i.HAL_NVIC_SetPriority)
    HAL_NVIC_SetPriorityGrouping             0x080018a5   Thumb Code    26  stm32f4xx_hal_cortex.o(i.HAL_NVIC_SetPriorityGrouping)
    HAL_RCC_ClockConfig                      0x080018c9   Thumb Code   288  stm32f4xx_hal_rcc.o(i.HAL_RCC_ClockConfig)
    HAL_RCC_GetPCLK1Freq                     0x080019fd   Thumb Code    20  stm32f4xx_hal_rcc.o(i.HAL_RCC_GetPCLK1Freq)
    HAL_RCC_GetPCLK2Freq                     0x08001a1d   Thumb Code    20  stm32f4xx_hal_rcc.o(i.HAL_RCC_GetPCLK2Freq)
    HAL_RCC_GetSysClockFreq                  0x08001a3d   Thumb Code    88  stm32f4xx_hal_rcc.o(i.HAL_RCC_GetSysClockFreq)
    HAL_RCC_OscConfig                        0x08001a9d   Thumb Code   856  stm32f4xx_hal_rcc.o(i.HAL_RCC_OscConfig)
    HAL_SYSTICK_Config                       0x08001e09   Thumb Code    40  stm32f4xx_hal_cortex.o(i.HAL_SYSTICK_Config)
    HAL_TIMEx_BreakCallback                  0x08001e31   Thumb Code     2  stm32f4xx_hal_tim_ex.o(i.HAL_TIMEx_BreakCallback)
    HAL_TIMEx_CommutCallback                 0x08001e33   Thumb Code     2  stm32f4xx_hal_tim_ex.o(i.HAL_TIMEx_CommutCallback)
    HAL_TIMEx_ConfigBreakDeadTime            0x08001e35   Thumb Code    84  stm32f4xx_hal_tim_ex.o(i.HAL_TIMEx_ConfigBreakDeadTime)
    HAL_TIMEx_MasterConfigSynchronization    0x08001e89   Thumb Code   104  stm32f4xx_hal_tim_ex.o(i.HAL_TIMEx_MasterConfigSynchronization)
    HAL_TIM_Base_Init                        0x08001f05   Thumb Code    90  stm32f4xx_hal_tim.o(i.HAL_TIM_Base_Init)
    HAL_TIM_Base_MspInit                     0x08001f61   Thumb Code   112  tim.o(i.HAL_TIM_Base_MspInit)
    HAL_TIM_Base_Start_IT                    0x08001fe1   Thumb Code    88  stm32f4xx_hal_tim.o(i.HAL_TIM_Base_Start_IT)
    HAL_TIM_Base_Stop_IT                     0x0800204d   Thumb Code    48  stm32f4xx_hal_tim.o(i.HAL_TIM_Base_Stop_IT)
    HAL_TIM_ConfigClockSource                0x0800207d   Thumb Code   220  stm32f4xx_hal_tim.o(i.HAL_TIM_ConfigClockSource)
    HAL_TIM_IC_CaptureCallback               0x08002159   Thumb Code     2  stm32f4xx_hal_tim.o(i.HAL_TIM_IC_CaptureCallback)
    HAL_TIM_IRQHandler                       0x0800215b   Thumb Code   304  stm32f4xx_hal_tim.o(i.HAL_TIM_IRQHandler)
    HAL_TIM_MspPostInit                      0x0800228d   Thumb Code    72  tim.o(i.HAL_TIM_MspPostInit)
    HAL_TIM_OC_DelayElapsedCallback          0x080022e1   Thumb Code     2  stm32f4xx_hal_tim.o(i.HAL_TIM_OC_DelayElapsedCallback)
    HAL_TIM_PWM_ConfigChannel                0x080022e3   Thumb Code   204  stm32f4xx_hal_tim.o(i.HAL_TIM_PWM_ConfigChannel)
    HAL_TIM_PWM_Init                         0x080023af   Thumb Code    90  stm32f4xx_hal_tim.o(i.HAL_TIM_PWM_Init)
    HAL_TIM_PWM_MspInit                      0x08002409   Thumb Code     2  stm32f4xx_hal_tim.o(i.HAL_TIM_PWM_MspInit)
    HAL_TIM_PWM_PulseFinishedCallback        0x0800240b   Thumb Code     2  stm32f4xx_hal_tim.o(i.HAL_TIM_PWM_PulseFinishedCallback)
    HAL_TIM_PeriodElapsedCallback            0x0800240d   Thumb Code   370  stm32.o(i.HAL_TIM_PeriodElapsedCallback)
    HAL_TIM_TriggerCallback                  0x080025a1   Thumb Code     2  stm32f4xx_hal_tim.o(i.HAL_TIM_TriggerCallback)
    HAL_UARTEx_RxEventCallback               0x080025a3   Thumb Code     2  stm32f4xx_hal_uart.o(i.HAL_UARTEx_RxEventCallback)
    HAL_UART_AbortReceiveCpltCallback        0x080025a5   Thumb Code     2  stm32f4xx_hal_uart.o(i.HAL_UART_AbortReceiveCpltCallback)
    HAL_UART_AbortReceive_IT                 0x080025a9   Thumb Code   148  stm32f4xx_hal_uart.o(i.HAL_UART_AbortReceive_IT)
    HAL_UART_ErrorCallback                   0x08002641   Thumb Code     2  stm32f4xx_hal_uart.o(i.HAL_UART_ErrorCallback)
    HAL_UART_IRQHandler                      0x08002645   Thumb Code   618  stm32f4xx_hal_uart.o(i.HAL_UART_IRQHandler)
    HAL_UART_Init                            0x080028b5   Thumb Code   100  stm32f4xx_hal_uart.o(i.HAL_UART_Init)
    HAL_UART_MspInit                         0x08002919   Thumb Code   174  usart.o(i.HAL_UART_MspInit)
    HAL_UART_Receive_IT                      0x080029dd   Thumb Code    28  stm32f4xx_hal_uart.o(i.HAL_UART_Receive_IT)
    HAL_UART_RxCpltCallback                  0x080029f9   Thumb Code     2  stm32f4xx_hal_uart.o(i.HAL_UART_RxCpltCallback)
    HAL_UART_Transmit                        0x080029fb   Thumb Code   160  stm32f4xx_hal_uart.o(i.HAL_UART_Transmit)
    HAL_UART_TxCpltCallback                  0x08002a9b   Thumb Code     2  stm32f4xx_hal_uart.o(i.HAL_UART_TxCpltCallback)
    HardFault_Handler                        0x08002a9d   Thumb Code     2  stm32f4xx_it.o(i.HardFault_Handler)
    Init_SHT30                               0x08002ec1   Thumb Code    46  sht30.o(i.Init_SHT30)
    MX_ADC1_Init                             0x08002f19   Thumb Code    86  adc.o(i.MX_ADC1_Init)
    MX_GPIO_Init                             0x08002f7d   Thumb Code   132  gpio.o(i.MX_GPIO_Init)
    MX_I2C1_Init                             0x08003009   Thumb Code    50  i2c.o(i.MX_I2C1_Init)
    MX_I2C2_Init                             0x08003049   Thumb Code    50  i2c.o(i.MX_I2C2_Init)
    MX_TIM1_Init                             0x08003089   Thumb Code   208  tim.o(i.MX_TIM1_Init)
    MX_TIM3_Init                             0x08003161   Thumb Code    94  tim.o(i.MX_TIM3_Init)
    MX_TIM4_Init                             0x080031c9   Thumb Code    94  tim.o(i.MX_TIM4_Init)
    MX_USART2_UART_Init                      0x08003231   Thumb Code    48  usart.o(i.MX_USART2_UART_Init)
    MX_USART6_UART_Init                      0x08003269   Thumb Code    48  usart.o(i.MX_USART6_UART_Init)
    MemManage_Handler                        0x080032a1   Thumb Code     2  stm32f4xx_it.o(i.MemManage_Handler)
    Multiple_read_BH1750                     0x080032a5   Thumb Code    52  bh1750.o(i.Multiple_read_BH1750)
    NMI_Handler                              0x080032e1   Thumb Code     2  stm32f4xx_it.o(i.NMI_Handler)
    PendSV_Handler                           0x080032e3   Thumb Code     2  stm32f4xx_it.o(i.PendSV_Handler)
    SHT30_CalcRH                             0x080032e5   Thumb Code    30  sht30.o(i.SHT30_CalcRH)
    SHT30_CalcTemperatureC                   0x0800330d   Thumb Code    38  sht30.o(i.SHT30_CalcTemperatureC)
    SHT30_CheckCrc                           0x08003341   Thumb Code    60  sht30.o(i.SHT30_CheckCrc)
    SHT30_ReadData                           0x0800337d   Thumb Code   136  sht30.o(i.SHT30_ReadData)
    SHT30_reset                              0x08003491   Thumb Code    34  sht30.o(i.SHT30_reset)
    SVC_Handler                              0x080034bd   Thumb Code     2  stm32f4xx_it.o(i.SVC_Handler)
    Single_Write_BH1750                      0x080034c1   Thumb Code    24  bh1750.o(i.Single_Write_BH1750)
    SysTick_Handler                          0x080034dd   Thumb Code     4  stm32f4xx_it.o(i.SysTick_Handler)
    SystemClock_Config                       0x080034e1   Thumb Code   134  main.o(i.SystemClock_Config)
    SystemInit                               0x08003571   Thumb Code    12  system_stm32f4xx.o(i.SystemInit)
    TIM3_IRQHandler                          0x08003581   Thumb Code     6  stm32f4xx_it.o(i.TIM3_IRQHandler)
    TIM4_IRQHandler                          0x0800358d   Thumb Code     6  stm32f4xx_it.o(i.TIM4_IRQHandler)
    TIM_Base_SetConfig                       0x08003599   Thumb Code   136  stm32f4xx_hal_tim.o(i.TIM_Base_SetConfig)
    TIM_ETR_SetConfig                        0x0800363d   Thumb Code    20  stm32f4xx_hal_tim.o(i.TIM_ETR_SetConfig)
    TIM_OC2_SetConfig                        0x080036b1   Thumb Code    84  stm32f4xx_hal_tim.o(i.TIM_OC2_SetConfig)
    UART_Start_Receive_IT                    0x08003a2d   Thumb Code    54  stm32f4xx_hal_uart.o(i.UART_Start_Receive_IT)
    USART2_IRQHandler                        0x08003ad5   Thumb Code    82  stm32f4xx_it.o(i.USART2_IRQHandler)
    UsageFault_Handler                       0x08003b45   Thumb Code     2  stm32f4xx_it.o(i.UsageFault_Handler)
    __0printf                                0x08003b49   Thumb Code    22  printfa.o(i.__0printf)
    __1printf                                0x08003b49   Thumb Code     0  printfa.o(i.__0printf)
    __2printf                                0x08003b49   Thumb Code     0  printfa.o(i.__0printf)
    __c89printf                              0x08003b49   Thumb Code     0  printfa.o(i.__0printf)
    printf                                   0x08003b49   Thumb Code     0  printfa.o(i.__0printf)
    __0snprintf                              0x08003b69   Thumb Code    44  printfa.o(i.__0snprintf)
    __1snprintf                              0x08003b69   Thumb Code     0  printfa.o(i.__0snprintf)
    __2snprintf                              0x08003b69   Thumb Code     0  printfa.o(i.__0snprintf)
    __c89snprintf                            0x08003b69   Thumb Code     0  printfa.o(i.__0snprintf)
    snprintf                                 0x08003b69   Thumb Code     0  printfa.o(i.__0snprintf)
    __scatterload_copy                       0x08003bb9   Thumb Code    14  handlers.o(i.__scatterload_copy)
    __scatterload_null                       0x08003bc7   Thumb Code     2  handlers.o(i.__scatterload_null)
    __scatterload_zeroinit                   0x08003bc9   Thumb Code    14  handlers.o(i.__scatterload_zeroinit)
    fputc                                    0x080044a1   Thumb Code    18  stm32.o(i.fputc)
    main                                     0x080044b9   Thumb Code   160  main.o(i.main)
    moveServo                                0x08004585   Thumb Code    58  stm32.o(i.moveServo)
    uartWriteBuf                             0x080045c5   Thumb Code    14  stm32.o(i.uartWriteBuf)
    AHBPrescTable                            0x080045d8   Data          16  system_stm32f4xx.o(.constdata)
    APBPrescTable                            0x080045e8   Data           8  system_stm32f4xx.o(.constdata)
    Region$$Table$$Base                      0x08004688   Number         0  anon$$obj.o(Region$$Table)
    Region$$Table$$Limit                     0x080046a8   Number         0  anon$$obj.o(Region$$Table)
    uwTickFreq                               0x20000000   Data           1  stm32f4xx_hal.o(.data)
    uwTickPrio                               0x20000004   Data           4  stm32f4xx_hal.o(.data)
    uwTick                                   0x20000008   Data           4  stm32f4xx_hal.o(.data)
    SystemCoreClock                          0x2000000c   Data           4  system_stm32f4xx.o(.data)
    start                                    0x20000010   Data           1  stm32.o(.data)
    isUartRxCompleted                        0x20000011   Data           1  stm32.o(.data)
    buz_cnt                                  0x20000012   Data           2  stm32.o(.data)
    batteryVolt                              0x20000014   Data           2  stm32.o(.data)
    count3                                   0x20000016   Data           2  stm32.o(.data)
    ice_cnt                                  0x20000018   Data           2  stm32.o(.data)
    Humidity                                 0x2000001c   Data           4  stm32.o(.data)
    Alcohol                                  0x20000020   Data           4  stm32.o(.data)
    lux_cnt                                  0x20000024   Data           4  stm32.o(.data)
    Temperature                              0x20000028   Data           4  stm32.o(.data)
    Temperature_c                            0x2000002c   Data           4  stm32.o(.data)
    lux                                      0x20000030   Data           4  stm32.o(.data)
    adcValue                                 0x20000034   Data           4  stm32.o(.data)
    RX_len                                   0x20000038   Data           1  stm32.o(.data)
    __stdout                                 0x2000003c   Data           4  stdout.o(.data)
    hadc1                                    0x20000040   Data          72  adc.o(.bss)
    hi2c1                                    0x20000088   Data          84  i2c.o(.bss)
    hi2c2                                    0x200000dc   Data          84  i2c.o(.bss)
    htim1                                    0x20000130   Data          72  tim.o(.bss)
    htim3                                    0x20000178   Data          72  tim.o(.bss)
    htim4                                    0x200001c0   Data          72  tim.o(.bss)
    huart2                                   0x20000208   Data          72  usart.o(.bss)
    huart6                                   0x20000250   Data          72  usart.o(.bss)
    LobotTxBuf                               0x20000298   Data         128  stm32.o(.bss)
    LobotRxBuf                               0x20000318   Data          32  stm32.o(.bss)
    RX_buf                                   0x20000338   Data         100  stm32.o(.bss)
    jsonData                                 0x2000039c   Data         200  stm32.o(.bss)
    __initial_sp                             0x20000868   Data           0  startup_stm32f411xe.o(STACK)



==============================================================================

Memory Map of the image

  Image Entry point : 0x08000199

  Load Region LR_IROM1 (Base: 0x08000000, Size: 0x000046e8, Max: 0x00080000, ABSOLUTE)

    Execution Region ER_IROM1 (Exec base: 0x08000000, Load base: 0x08000000, Size: 0x000046a8, Max: 0x00080000, ABSOLUTE)

    Exec Addr    Load Addr    Size         Type   Attr      Idx    E Section Name        Object

    0x08000000   0x08000000   0x00000198   Data   RO            3    RESET               startup_stm32f411xe.o
    0x08000198   0x08000198   0x00000000   Code   RO         4181  * .ARM.Collect$$$$00000000  mc_w.l(entry.o)
    0x08000198   0x08000198   0x00000004   Code   RO         4453    .ARM.Collect$$$$00000001  mc_w.l(entry2.o)
    0x0800019c   0x0800019c   0x00000004   Code   RO         4456    .ARM.Collect$$$$00000004  mc_w.l(entry5.o)
    0x080001a0   0x080001a0   0x00000000   Code   RO         4458    .ARM.Collect$$$$00000008  mc_w.l(entry7b.o)
    0x080001a0   0x080001a0   0x00000000   Code   RO         4460    .ARM.Collect$$$$0000000A  mc_w.l(entry8b.o)
    0x080001a0   0x080001a0   0x00000008   Code   RO         4461    .ARM.Collect$$$$0000000B  mc_w.l(entry9a.o)
    0x080001a8   0x080001a8   0x00000000   Code   RO         4463    .ARM.Collect$$$$0000000D  mc_w.l(entry10a.o)
    0x080001a8   0x080001a8   0x00000000   Code   RO         4465    .ARM.Collect$$$$0000000F  mc_w.l(entry11a.o)
    0x080001a8   0x080001a8   0x00000004   Code   RO         4454    .ARM.Collect$$$$00002712  mc_w.l(entry2.o)
    0x080001ac   0x080001ac   0x00000024   Code   RO            4    .text               startup_stm32f411xe.o
    0x080001d0   0x080001d0   0x00000062   Code   RO         4184    .text               mc_w.l(uldiv.o)
    0x08000232   0x08000232   0x00000024   Code   RO         4186    .text               mc_w.l(memseta.o)
    0x08000256   0x08000256   0x00000024   Code   RO         4188    .text               mc_w.l(strstr.o)
    0x0800027a   0x0800027a   0x00000026   Code   RO         4451    .text               mf_w.l(f2d.o)
    0x080002a0   0x080002a0   0x0000002c   Code   RO         4468    .text               mc_w.l(uidiv.o)
    0x080002cc   0x080002cc   0x0000001e   Code   RO         4470    .text               mc_w.l(llshl.o)
    0x080002ea   0x080002ea   0x00000020   Code   RO         4472    .text               mc_w.l(llushr.o)
    0x0800030a   0x0800030a   0x00000000   Code   RO         4474    .text               mc_w.l(iusefp.o)
    0x0800030a   0x0800030a   0x0000014e   Code   RO         4475    .text               mf_w.l(dadd.o)
    0x08000458   0x08000458   0x000000e4   Code   RO         4477    .text               mf_w.l(dmul.o)
    0x0800053c   0x0800053c   0x000000de   Code   RO         4479    .text               mf_w.l(ddiv.o)
    0x0800061a   0x0800061a   0x00000030   Code   RO         4481    .text               mf_w.l(dfixul.o)
    0x0800064a   0x0800064a   0x00000002   PAD
    0x0800064c   0x0800064c   0x00000030   Code   RO         4483    .text               mf_w.l(cdrcmple.o)
    0x0800067c   0x0800067c   0x00000024   Code   RO         4485    .text               mc_w.l(init.o)
    0x080006a0   0x080006a0   0x00000024   Code   RO         4487    .text               mc_w.l(llsshr.o)
    0x080006c4   0x080006c4   0x000000ba   Code   RO         4489    .text               mf_w.l(depilogue.o)
    0x0800077e   0x0800077e   0x00000002   PAD
    0x08000780   0x08000780   0x00000128   Code   RO          548    i.ADC_Init          stm32f4xx_hal_adc.o
    0x080008a8   0x080008a8   0x0000002c   Code   RO         4064    i.ADC_Read          stm32.o
    0x080008d4   0x080008d4   0x00000054   Code   RO         4065    i.All_Init          stm32.o
    0x08000928   0x08000928   0x00000002   Code   RO          427    i.BusFault_Handler  stm32f4xx_it.o
    0x0800092a   0x0800092a   0x0000001c   Code   RO         3931    i.DS18B20_Delay     ds18b20.o
    0x08000946   0x08000946   0x00000002   PAD
    0x08000948   0x08000948   0x0000002c   Code   RO         3932    i.DS18B20_IO_Input  ds18b20.o
    0x08000974   0x08000974   0x0000002c   Code   RO         3933    i.DS18B20_IO_Output  ds18b20.o
    0x080009a0   0x080009a0   0x00000034   Code   RO         3934    i.DS18B20_Init      ds18b20.o
    0x080009d4   0x080009d4   0x00000050   Code   RO         3935    i.DS18B20_ReadByte  ds18b20.o
    0x08000a24   0x08000a24   0x00000048   Code   RO         3936    i.DS18B20_ReadTemperature  ds18b20.o
    0x08000a6c   0x08000a6c   0x00000060   Code   RO         3937    i.DS18B20_Reset     ds18b20.o
    0x08000acc   0x08000acc   0x00000016   Code   RO         3938    i.DS18B20_StartConversion  ds18b20.o
    0x08000ae2   0x08000ae2   0x00000002   PAD
    0x08000ae4   0x08000ae4   0x00000054   Code   RO         3939    i.DS18B20_WriteByte  ds18b20.o
    0x08000b38   0x08000b38   0x00000002   Code   RO          428    i.DebugMon_Handler  stm32f4xx_it.o
    0x08000b3a   0x08000b3a   0x00000004   Code   RO           13    i.Error_Handler     main.o
    0x08000b3e   0x08000b3e   0x00000002   PAD
    0x08000b40   0x08000b40   0x00000040   Code   RO         3892    i.GY30_Init         bh1750.o
    0x08000b80   0x08000b80   0x00000164   Code   RO          550    i.HAL_ADC_ConfigChannel  stm32f4xx_hal_adc.o
    0x08000ce4   0x08000ce4   0x00000006   Code   RO          557    i.HAL_ADC_GetValue  stm32f4xx_hal_adc.o
    0x08000cea   0x08000cea   0x00000054   Code   RO          559    i.HAL_ADC_Init      stm32f4xx_hal_adc.o
    0x08000d3e   0x08000d3e   0x00000002   PAD
    0x08000d40   0x08000d40   0x00000060   Code   RO          230    i.HAL_ADC_MspInit   adc.o
    0x08000da0   0x08000da0   0x000000aa   Code   RO          563    i.HAL_ADC_PollForConversion  stm32f4xx_hal_adc.o
    0x08000e4a   0x08000e4a   0x00000002   PAD
    0x08000e4c   0x08000e4c   0x000000cc   Code   RO          565    i.HAL_ADC_Start     stm32f4xx_hal_adc.o
    0x08000f18   0x08000f18   0x0000003c   Code   RO          568    i.HAL_ADC_Stop      stm32f4xx_hal_adc.o
    0x08000f54   0x08000f54   0x00000092   Code   RO         1339    i.HAL_DMA_Abort     stm32f4xx_hal_dma.o
    0x08000fe6   0x08000fe6   0x00000024   Code   RO         1340    i.HAL_DMA_Abort_IT  stm32f4xx_hal_dma.o
    0x0800100a   0x0800100a   0x00000002   PAD
    0x0800100c   0x0800100c   0x00000024   Code   RO         1800    i.HAL_Delay         stm32f4xx_hal.o
    0x08001030   0x08001030   0x000001e0   Code   RO         1232    i.HAL_GPIO_Init     stm32f4xx_hal_gpio.o
    0x08001210   0x08001210   0x0000000a   Code   RO         1234    i.HAL_GPIO_ReadPin  stm32f4xx_hal_gpio.o
    0x0800121a   0x0800121a   0x0000000a   Code   RO         1236    i.HAL_GPIO_WritePin  stm32f4xx_hal_gpio.o
    0x08001224   0x08001224   0x0000000c   Code   RO         1806    i.HAL_GetTick       stm32f4xx_hal.o
    0x08001230   0x08001230   0x00000188   Code   RO         2062    i.HAL_I2C_Init      stm32f4xx_hal_i2c.o
    0x080013b8   0x080013b8   0x000001f0   Code   RO         2068    i.HAL_I2C_Master_Receive  stm32f4xx_hal_i2c.o
    0x080015a8   0x080015a8   0x0000012c   Code   RO         2075    i.HAL_I2C_Master_Transmit  stm32f4xx_hal_i2c.o
    0x080016d4   0x080016d4   0x000000c0   Code   RO          272    i.HAL_I2C_MspInit   i2c.o
    0x08001794   0x08001794   0x00000010   Code   RO         1812    i.HAL_IncTick       stm32f4xx_hal.o
    0x080017a4   0x080017a4   0x00000034   Code   RO         1813    i.HAL_Init          stm32f4xx_hal.o
    0x080017d8   0x080017d8   0x00000040   Code   RO         1814    i.HAL_InitTick      stm32f4xx_hal.o
    0x08001818   0x08001818   0x00000030   Code   RO          521    i.HAL_MspInit       stm32f4xx_hal_msp.o
    0x08001848   0x08001848   0x0000001a   Code   RO         1648    i.HAL_NVIC_EnableIRQ  stm32f4xx_hal_cortex.o
    0x08001862   0x08001862   0x00000002   PAD
    0x08001864   0x08001864   0x00000040   Code   RO         1654    i.HAL_NVIC_SetPriority  stm32f4xx_hal_cortex.o
    0x080018a4   0x080018a4   0x00000024   Code   RO         1655    i.HAL_NVIC_SetPriorityGrouping  stm32f4xx_hal_cortex.o
    0x080018c8   0x080018c8   0x00000134   Code   RO          824    i.HAL_RCC_ClockConfig  stm32f4xx_hal_rcc.o
    0x080019fc   0x080019fc   0x00000020   Code   RO          831    i.HAL_RCC_GetPCLK1Freq  stm32f4xx_hal_rcc.o
    0x08001a1c   0x08001a1c   0x00000020   Code   RO          832    i.HAL_RCC_GetPCLK2Freq  stm32f4xx_hal_rcc.o
    0x08001a3c   0x08001a3c   0x00000060   Code   RO          833    i.HAL_RCC_GetSysClockFreq  stm32f4xx_hal_rcc.o
    0x08001a9c   0x08001a9c   0x0000036c   Code   RO          836    i.HAL_RCC_OscConfig  stm32f4xx_hal_rcc.o
    0x08001e08   0x08001e08   0x00000028   Code   RO         1659    i.HAL_SYSTICK_Config  stm32f4xx_hal_cortex.o
    0x08001e30   0x08001e30   0x00000002   Code   RO         3224    i.HAL_TIMEx_BreakCallback  stm32f4xx_hal_tim_ex.o
    0x08001e32   0x08001e32   0x00000002   Code   RO         3225    i.HAL_TIMEx_CommutCallback  stm32f4xx_hal_tim_ex.o
    0x08001e34   0x08001e34   0x00000054   Code   RO         3227    i.HAL_TIMEx_ConfigBreakDeadTime  stm32f4xx_hal_tim_ex.o
    0x08001e88   0x08001e88   0x0000007c   Code   RO         3243    i.HAL_TIMEx_MasterConfigSynchronization  stm32f4xx_hal_tim_ex.o
    0x08001f04   0x08001f04   0x0000005a   Code   RO         2520    i.HAL_TIM_Base_Init  stm32f4xx_hal_tim.o
    0x08001f5e   0x08001f5e   0x00000002   PAD
    0x08001f60   0x08001f60   0x00000080   Code   RO          320    i.HAL_TIM_Base_MspInit  tim.o
    0x08001fe0   0x08001fe0   0x0000006c   Code   RO         2525    i.HAL_TIM_Base_Start_IT  stm32f4xx_hal_tim.o
    0x0800204c   0x0800204c   0x00000030   Code   RO         2528    i.HAL_TIM_Base_Stop_IT  stm32f4xx_hal_tim.o
    0x0800207c   0x0800207c   0x000000dc   Code   RO         2529    i.HAL_TIM_ConfigClockSource  stm32f4xx_hal_tim.o
    0x08002158   0x08002158   0x00000002   Code   RO         2554    i.HAL_TIM_IC_CaptureCallback  stm32f4xx_hal_tim.o
    0x0800215a   0x0800215a   0x00000130   Code   RO         2568    i.HAL_TIM_IRQHandler  stm32f4xx_hal_tim.o
    0x0800228a   0x0800228a   0x00000002   PAD
    0x0800228c   0x0800228c   0x00000054   Code   RO          321    i.HAL_TIM_MspPostInit  tim.o
    0x080022e0   0x080022e0   0x00000002   Code   RO         2571    i.HAL_TIM_OC_DelayElapsedCallback  stm32f4xx_hal_tim.o
    0x080022e2   0x080022e2   0x000000cc   Code   RO         2592    i.HAL_TIM_PWM_ConfigChannel  stm32f4xx_hal_tim.o
    0x080023ae   0x080023ae   0x0000005a   Code   RO         2595    i.HAL_TIM_PWM_Init  stm32f4xx_hal_tim.o
    0x08002408   0x08002408   0x00000002   Code   RO         2597    i.HAL_TIM_PWM_MspInit  stm32f4xx_hal_tim.o
    0x0800240a   0x0800240a   0x00000002   Code   RO         2598    i.HAL_TIM_PWM_PulseFinishedCallback  stm32f4xx_hal_tim.o
    0x0800240c   0x0800240c   0x00000194   Code   RO         4066    i.HAL_TIM_PeriodElapsedCallback  stm32.o
    0x080025a0   0x080025a0   0x00000002   Code   RO         2611    i.HAL_TIM_TriggerCallback  stm32f4xx_hal_tim.o
    0x080025a2   0x080025a2   0x00000002   Code   RO         3503    i.HAL_UARTEx_RxEventCallback  stm32f4xx_hal_uart.o
    0x080025a4   0x080025a4   0x00000002   Code   RO         3507    i.HAL_UART_AbortReceiveCpltCallback  stm32f4xx_hal_uart.o
    0x080025a6   0x080025a6   0x00000002   PAD
    0x080025a8   0x080025a8   0x00000098   Code   RO         3508    i.HAL_UART_AbortReceive_IT  stm32f4xx_hal_uart.o
    0x08002640   0x08002640   0x00000002   Code   RO         3517    i.HAL_UART_ErrorCallback  stm32f4xx_hal_uart.o
    0x08002642   0x08002642   0x00000002   PAD
    0x08002644   0x08002644   0x00000270   Code   RO         3520    i.HAL_UART_IRQHandler  stm32f4xx_hal_uart.o
    0x080028b4   0x080028b4   0x00000064   Code   RO         3521    i.HAL_UART_Init     stm32f4xx_hal_uart.o
    0x08002918   0x08002918   0x000000c4   Code   RO          380    i.HAL_UART_MspInit  usart.o
    0x080029dc   0x080029dc   0x0000001c   Code   RO         3526    i.HAL_UART_Receive_IT  stm32f4xx_hal_uart.o
    0x080029f8   0x080029f8   0x00000002   Code   RO         3527    i.HAL_UART_RxCpltCallback  stm32f4xx_hal_uart.o
    0x080029fa   0x080029fa   0x000000a0   Code   RO         3529    i.HAL_UART_Transmit  stm32f4xx_hal_uart.o
    0x08002a9a   0x08002a9a   0x00000002   Code   RO         3532    i.HAL_UART_TxCpltCallback  stm32f4xx_hal_uart.o
    0x08002a9c   0x08002a9c   0x00000002   Code   RO          429    i.HardFault_Handler  stm32f4xx_it.o
    0x08002a9e   0x08002a9e   0x0000002e   Code   RO         2105    i.I2C_IsAcknowledgeFailed  stm32f4xx_hal_i2c.o
    0x08002acc   0x08002acc   0x000000ec   Code   RO         2108    i.I2C_MasterRequestRead  stm32f4xx_hal_i2c.o
    0x08002bb8   0x08002bb8   0x0000009c   Code   RO         2109    i.I2C_MasterRequestWrite  stm32f4xx_hal_i2c.o
    0x08002c54   0x08002c54   0x00000056   Code   RO         2120    i.I2C_WaitOnBTFFlagUntilTimeout  stm32f4xx_hal_i2c.o
    0x08002caa   0x08002caa   0x00000002   PAD
    0x08002cac   0x08002cac   0x00000090   Code   RO         2121    i.I2C_WaitOnFlagUntilTimeout  stm32f4xx_hal_i2c.o
    0x08002d3c   0x08002d3c   0x000000bc   Code   RO         2122    i.I2C_WaitOnMasterAddressFlagUntilTimeout  stm32f4xx_hal_i2c.o
    0x08002df8   0x08002df8   0x00000070   Code   RO         2123    i.I2C_WaitOnRXNEFlagUntilTimeout  stm32f4xx_hal_i2c.o
    0x08002e68   0x08002e68   0x00000056   Code   RO         2124    i.I2C_WaitOnTXEFlagUntilTimeout  stm32f4xx_hal_i2c.o
    0x08002ebe   0x08002ebe   0x00000002   PAD
    0x08002ec0   0x08002ec0   0x00000058   Code   RO         4002    i.Init_SHT30        sht30.o
    0x08002f18   0x08002f18   0x00000064   Code   RO          231    i.MX_ADC1_Init      adc.o
    0x08002f7c   0x08002f7c   0x0000008c   Code   RO          205    i.MX_GPIO_Init      gpio.o
    0x08003008   0x08003008   0x00000040   Code   RO          273    i.MX_I2C1_Init      i2c.o
    0x08003048   0x08003048   0x00000040   Code   RO          274    i.MX_I2C2_Init      i2c.o
    0x08003088   0x08003088   0x000000d8   Code   RO          322    i.MX_TIM1_Init      tim.o
    0x08003160   0x08003160   0x00000068   Code   RO          323    i.MX_TIM3_Init      tim.o
    0x080031c8   0x080031c8   0x00000068   Code   RO          324    i.MX_TIM4_Init      tim.o
    0x08003230   0x08003230   0x00000038   Code   RO          381    i.MX_USART2_UART_Init  usart.o
    0x08003268   0x08003268   0x00000038   Code   RO          382    i.MX_USART6_UART_Init  usart.o
    0x080032a0   0x080032a0   0x00000002   Code   RO          430    i.MemManage_Handler  stm32f4xx_it.o
    0x080032a2   0x080032a2   0x00000002   PAD
    0x080032a4   0x080032a4   0x0000003c   Code   RO         3893    i.Multiple_read_BH1750  bh1750.o
    0x080032e0   0x080032e0   0x00000002   Code   RO          431    i.NMI_Handler       stm32f4xx_it.o
    0x080032e2   0x080032e2   0x00000002   Code   RO          432    i.PendSV_Handler    stm32f4xx_it.o
    0x080032e4   0x080032e4   0x00000028   Code   RO         4003    i.SHT30_CalcRH      sht30.o
    0x0800330c   0x0800330c   0x00000034   Code   RO         4004    i.SHT30_CalcTemperatureC  sht30.o
    0x08003340   0x08003340   0x0000003c   Code   RO         4005    i.SHT30_CheckCrc    sht30.o
    0x0800337c   0x0800337c   0x00000114   Code   RO         4006    i.SHT30_ReadData    sht30.o
    0x08003490   0x08003490   0x0000002c   Code   RO         4007    i.SHT30_reset       sht30.o
    0x080034bc   0x080034bc   0x00000002   Code   RO          433    i.SVC_Handler       stm32f4xx_it.o
    0x080034be   0x080034be   0x00000002   PAD
    0x080034c0   0x080034c0   0x0000001c   Code   RO         3894    i.Single_Write_BH1750  bh1750.o
    0x080034dc   0x080034dc   0x00000004   Code   RO          434    i.SysTick_Handler   stm32f4xx_it.o
    0x080034e0   0x080034e0   0x00000090   Code   RO           14    i.SystemClock_Config  main.o
    0x08003570   0x08003570   0x00000010   Code   RO         3855    i.SystemInit        system_stm32f4xx.o
    0x08003580   0x08003580   0x0000000c   Code   RO          435    i.TIM3_IRQHandler   stm32f4xx_it.o
    0x0800358c   0x0800358c   0x0000000c   Code   RO          436    i.TIM4_IRQHandler   stm32f4xx_it.o
    0x08003598   0x08003598   0x000000a4   Code   RO         2613    i.TIM_Base_SetConfig  stm32f4xx_hal_tim.o
    0x0800363c   0x0800363c   0x00000014   Code   RO         2624    i.TIM_ETR_SetConfig  stm32f4xx_hal_tim.o
    0x08003650   0x08003650   0x00000010   Code   RO         2625    i.TIM_ITRx_SetConfig  stm32f4xx_hal_tim.o
    0x08003660   0x08003660   0x00000050   Code   RO         2626    i.TIM_OC1_SetConfig  stm32f4xx_hal_tim.o
    0x080036b0   0x080036b0   0x00000058   Code   RO         2627    i.TIM_OC2_SetConfig  stm32f4xx_hal_tim.o
    0x08003708   0x08003708   0x00000058   Code   RO         2628    i.TIM_OC3_SetConfig  stm32f4xx_hal_tim.o
    0x08003760   0x08003760   0x00000044   Code   RO         2629    i.TIM_OC4_SetConfig  stm32f4xx_hal_tim.o
    0x080037a4   0x080037a4   0x00000022   Code   RO         2631    i.TIM_TI1_ConfigInputStage  stm32f4xx_hal_tim.o
    0x080037c6   0x080037c6   0x00000024   Code   RO         2633    i.TIM_TI2_ConfigInputStage  stm32f4xx_hal_tim.o
    0x080037ea   0x080037ea   0x00000010   Code   RO         3534    i.UART_DMAAbortOnError  stm32f4xx_hal_uart.o
    0x080037fa   0x080037fa   0x00000016   Code   RO         3539    i.UART_DMARxOnlyAbortCallback  stm32f4xx_hal_uart.o
    0x08003810   0x08003810   0x0000004e   Code   RO         3544    i.UART_EndRxTransfer  stm32f4xx_hal_uart.o
    0x0800385e   0x0800385e   0x000000c2   Code   RO         3546    i.UART_Receive_IT   stm32f4xx_hal_uart.o
    0x08003920   0x08003920   0x0000010c   Code   RO         3547    i.UART_SetConfig    stm32f4xx_hal_uart.o
    0x08003a2c   0x08003a2c   0x00000036   Code   RO         3549    i.UART_Start_Receive_IT  stm32f4xx_hal_uart.o
    0x08003a62   0x08003a62   0x00000072   Code   RO         3550    i.UART_WaitOnFlagUntilTimeout  stm32f4xx_hal_uart.o
    0x08003ad4   0x08003ad4   0x00000070   Code   RO          437    i.USART2_IRQHandler  stm32f4xx_it.o
    0x08003b44   0x08003b44   0x00000002   Code   RO          438    i.UsageFault_Handler  stm32f4xx_it.o
    0x08003b46   0x08003b46   0x00000002   PAD
    0x08003b48   0x08003b48   0x00000020   Code   RO         4423    i.__0printf         mc_w.l(printfa.o)
    0x08003b68   0x08003b68   0x00000030   Code   RO         4424    i.__0snprintf       mc_w.l(printfa.o)
    0x08003b98   0x08003b98   0x00000020   Code   RO         1661    i.__NVIC_SetPriority  stm32f4xx_hal_cortex.o
    0x08003bb8   0x08003bb8   0x0000000e   Code   RO         4493    i.__scatterload_copy  mc_w.l(handlers.o)
    0x08003bc6   0x08003bc6   0x00000002   Code   RO         4494    i.__scatterload_null  mc_w.l(handlers.o)
    0x08003bc8   0x08003bc8   0x0000000e   Code   RO         4495    i.__scatterload_zeroinit  mc_w.l(handlers.o)
    0x08003bd6   0x08003bd6   0x00000002   PAD
    0x08003bd8   0x08003bd8   0x00000184   Code   RO         4430    i._fp_digits        mc_w.l(printfa.o)
    0x08003d5c   0x08003d5c   0x000006dc   Code   RO         4431    i._printf_core      mc_w.l(printfa.o)
    0x08004438   0x08004438   0x00000024   Code   RO         4432    i._printf_post_padding  mc_w.l(printfa.o)
    0x0800445c   0x0800445c   0x0000002e   Code   RO         4433    i._printf_pre_padding  mc_w.l(printfa.o)
    0x0800448a   0x0800448a   0x00000016   Code   RO         4434    i._snputc           mc_w.l(printfa.o)
    0x080044a0   0x080044a0   0x00000018   Code   RO         4067    i.fputc             stm32.o
    0x080044b8   0x080044b8   0x000000cc   Code   RO           15    i.main              main.o
    0x08004584   0x08004584   0x00000040   Code   RO         4069    i.moveServo         stm32.o
    0x080045c4   0x080045c4   0x00000014   Code   RO         4077    i.uartWriteBuf      stm32.o
    0x080045d8   0x080045d8   0x00000010   Data   RO         3856    .constdata          system_stm32f4xx.o
    0x080045e8   0x080045e8   0x00000008   Data   RO         3857    .constdata          system_stm32f4xx.o
    0x080045f0   0x080045f0   0x00000097   Data   RO         4079    .conststring        stm32.o
    0x08004687   0x08004687   0x00000001   PAD
    0x08004688   0x08004688   0x00000020   Data   RO         4491    Region$$Table       anon$$obj.o


    Execution Region RW_IRAM1 (Exec base: 0x20000000, Load base: 0x080046a8, Size: 0x00000868, Max: 0x00020000, ABSOLUTE)

    Exec Addr    Load Addr    Size         Type   Attr      Idx    E Section Name        Object

    0x20000000   0x080046a8   0x0000000c   Data   RW         1820    .data               stm32f4xx_hal.o
    0x2000000c   0x080046b4   0x00000004   Data   RW         3858    .data               system_stm32f4xx.o
    0x20000010   0x080046b8   0x00000024   Data   RW         4080    .data               stm32.o
    0x20000034   0x080046dc   0x00000004   Data   RW         4081    .data               stm32.o
    0x20000038   0x080046e0   0x00000001   Data   RW         4082    .data               stm32.o
    0x20000039   0x080046e1   0x00000003   PAD
    0x2000003c   0x080046e4   0x00000004   Data   RW         4467    .data               mc_w.l(stdout.o)
    0x20000040        -       0x00000048   Zero   RW          232    .bss                adc.o
    0x20000088        -       0x000000a8   Zero   RW          275    .bss                i2c.o
    0x20000130        -       0x000000d8   Zero   RW          325    .bss                tim.o
    0x20000208        -       0x00000090   Zero   RW          383    .bss                usart.o
    0x20000298        -       0x000001cc   Zero   RW         4078    .bss                stm32.o
    0x20000464   0x080046e8   0x00000004   PAD
    0x20000468        -       0x00000400   Zero   RW            1    STACK               startup_stm32f411xe.o


==============================================================================

Image component sizes


      Code (inc. data)   RO Data    RW Data    ZI Data      Debug   Object Name

       196         26          0          0         72       1721   adc.o
       152         18          0          0          0       1637   bh1750.o
       522         46          0          0          0       5684   ds18b20.o
       140          8          0          0          0        971   gpio.o
       320         44          0          0        168       2406   i2c.o
       352         54          0          0          0     444610   main.o
       560        216          0          0          0       4069   sht30.o
        36          8        408          0       1024        840   startup_stm32f411xe.o
       640         72        151         41        460       7556   stm32.o
       180         28          0         12          0       9313   stm32f4xx_hal.o
      1176         50          0          0          0       5933   stm32f4xx_hal_adc.o
       198         14          0          0          0      33867   stm32f4xx_hal_cortex.o
       182          0          0          0          0       2111   stm32f4xx_hal_dma.o
       500         34          0          0          0       2843   stm32f4xx_hal_gpio.o
      2242         52          0          0          0      12878   stm32f4xx_hal_i2c.o
        48          6          0          0          0        870   stm32f4xx_hal_msp.o
      1344         72          0          0          0       5264   stm32f4xx_hal_rcc.o
      1668         68          0          0          0      16109   stm32f4xx_hal_tim.o
       212         20          0          0          0       3329   stm32f4xx_hal_tim_ex.o
      1820         20          0          0          0      14073   stm32f4xx_hal_uart.o
       156         42          0          0          0       6245   stm32f4xx_it.o
        16          4         24          4          0       1139   system_stm32f4xx.o
       636         56          0          0        216       3934   tim.o
       308         38          0          0        144       2483   usart.o

    ----------------------------------------------------------------------
     13636        996        616         60       2088     589885   Object Totals
         0          0         32          0          0          0   (incl. Generated)
        32          0          1          3          4          0   (incl. Padding)

    ----------------------------------------------------------------------

      Code (inc. data)   RO Data    RW Data    ZI Data      Debug   Library Member Name

         0          0          0          0          0          0   entry.o
         0          0          0          0          0          0   entry10a.o
         0          0          0          0          0          0   entry11a.o
         8          4          0          0          0          0   entry2.o
         4          0          0          0          0          0   entry5.o
         0          0          0          0          0          0   entry7b.o
         0          0          0          0          0          0   entry8b.o
         8          4          0          0          0          0   entry9a.o
        30          0          0          0          0          0   handlers.o
        36          8          0          0          0         68   init.o
         0          0          0          0          0          0   iusefp.o
        30          0          0          0          0         68   llshl.o
        36          0          0          0          0         68   llsshr.o
        32          0          0          0          0         68   llushr.o
        36          0          0          0          0        108   memseta.o
      2328         94          0          0          0        604   printfa.o
         0          0          0          4          0          0   stdout.o
        36          0          0          0          0         80   strstr.o
        44          0          0          0          0         80   uidiv.o
        98          0          0          0          0         92   uldiv.o
        48          0          0          0          0         68   cdrcmple.o
       334          0          0          0          0        148   dadd.o
       222          0          0          0          0        100   ddiv.o
       186          0          0          0          0        176   depilogue.o
        48          0          0          0          0         68   dfixul.o
       228          0          0          0          0         96   dmul.o
        38          0          0          0          0         68   f2d.o

    ----------------------------------------------------------------------
      3836        110          0          4          0       1960   Library Totals
         6          0          0          0          0          0   (incl. Padding)

    ----------------------------------------------------------------------

      Code (inc. data)   RO Data    RW Data    ZI Data      Debug   Library Name

      2726        110          0          4          0       1236   mc_w.l
      1104          0          0          0          0        724   mf_w.l

    ----------------------------------------------------------------------
      3836        110          0          4          0       1960   Library Totals

    ----------------------------------------------------------------------

==============================================================================


      Code (inc. data)   RO Data    RW Data    ZI Data      Debug   

     17472       1106        616         64       2088     578461   Grand Totals
     17472       1106        616         64       2088     578461   ELF Image Totals
     17472       1106        616         64          0          0   ROM Totals

==============================================================================

    Total RO  Size (Code + RO Data)                18088 (  17.66kB)
    Total RW  Size (RW Data + ZI Data)              2152 (   2.10kB)
    Total ROM Size (Code + RO Data + RW Data)      18152 (  17.73kB)

==============================================================================

